0 verbose cli /usr/local/bin/node /usr/local/bin/npm
1 info using npm@11.13.0
2 info using node@v24.16.0
3 silly config load:file:/usr/local/lib/node_modules/npm/npmrc
4 silly config load:file:/Users/themacstore/Desktop/CV/vanhonghorn-portfolio/.npmrc
5 silly config load:file:/Users/themacstore/.npmrc
6 silly config load:file:/usr/local/etc/npmrc
7 verbose title npm install
8 verbose argv "install" "--cache" "./.npm-cache"
9 verbose logfile logs-max:10 dir:/Users/themacstore/Desktop/CV/vanhonghorn-portfolio/.npm-cache/_logs/2026-06-21T12_27_57_440Z-
10 verbose logfile /Users/themacstore/Desktop/CV/vanhonghorn-portfolio/.npm-cache/_logs/2026-06-21T12_27_57_440Z-debug-0.log
11 silly logfile done cleaning log files
12 silly packumentCache heap:4496293888 maxSize:1124073472 maxEntrySize:562036736
13 silly idealTree buildDeps
14 silly reify moves {}
15 silly audit bulk request {
15 silly audit   '@babel/code-frame': [ '7.27.1' ],
15 silly audit   '@babel/compat-data': [ '7.28.5' ],
15 silly audit   '@babel/core': [ '7.28.5' ],
15 silly audit   '@babel/generator': [ '7.28.5' ],
15 silly audit   '@babel/helper-compilation-targets': [ '7.27.2' ],
15 silly audit   '@babel/helper-globals': [ '7.28.0' ],
15 silly audit   '@babel/helper-module-imports': [ '7.27.1' ],
15 silly audit   '@babel/helper-module-transforms': [ '7.28.3' ],
15 silly audit   '@babel/helper-string-parser': [ '7.27.1' ],
15 silly audit   '@babel/helper-validator-identifier': [ '7.28.5' ],
15 silly audit   '@babel/helper-validator-option': [ '7.27.1' ],
15 silly audit   '@babel/helpers': [ '7.28.4' ],
15 silly audit   '@babel/parser': [ '7.28.5' ],
15 silly audit   '@babel/template': [ '7.27.2' ],
15 silly audit   '@babel/traverse': [ '7.28.5' ],
15 silly audit   '@babel/types': [ '7.28.5' ],
15 silly audit   '@emnapi/runtime': [ '1.7.1' ],
15 silly audit   '@eslint-community/eslint-utils': [ '4.9.0' ],
15 silly audit   'eslint-visitor-keys': [ '3.4.3', '4.2.1' ],
15 silly audit   '@eslint-community/regexpp': [ '4.12.2' ],
15 silly audit   '@eslint/config-array': [ '0.21.1' ],
15 silly audit   '@eslint/config-helpers': [ '0.4.2' ],
15 silly audit   '@eslint/core': [ '0.17.0' ],
15 silly audit   '@eslint/eslintrc': [ '3.3.3' ],
15 silly audit   globals: [ '14.0.0', '16.5.0' ],
15 silly audit   '@eslint/js': [ '9.39.2' ],
15 silly audit   '@eslint/object-schema': [ '2.1.7' ],
15 silly audit   '@eslint/plugin-kit': [ '0.4.1' ],
15 silly audit   '@humanfs/core': [ '0.19.1' ],
15 silly audit   '@humanfs/node': [ '0.16.7' ],
15 silly audit   '@humanwhocodes/module-importer': [ '1.0.1' ],
15 silly audit   '@humanwhocodes/retry': [ '0.4.3' ],
15 silly audit   '@img/colour': [ '1.1.0' ],
15 silly audit   '@img/sharp-darwin-arm64': [ '0.34.5' ],
15 silly audit   '@img/sharp-darwin-x64': [ '0.34.5' ],
15 silly audit   '@img/sharp-libvips-darwin-arm64': [ '1.2.4' ],
15 silly audit   '@img/sharp-libvips-darwin-x64': [ '1.2.4' ],
15 silly audit   '@img/sharp-libvips-linux-arm': [ '1.2.4' ],
15 silly audit   '@img/sharp-libvips-linux-arm64': [ '1.2.4' ],
15 silly audit   '@img/sharp-libvips-linux-ppc64': [ '1.2.4' ],
15 silly audit   '@img/sharp-libvips-linux-riscv64': [ '1.2.4' ],
15 silly audit   '@img/sharp-libvips-linux-s390x': [ '1.2.4' ],
15 silly audit   '@img/sharp-libvips-linux-x64': [ '1.2.4' ],
15 silly audit   '@img/sharp-libvips-linuxmusl-arm64': [ '1.2.4' ],
15 silly audit   '@img/sharp-libvips-linuxmusl-x64': [ '1.2.4' ],
15 silly audit   '@img/sharp-linux-arm': [ '0.34.5' ],
15 silly audit   '@img/sharp-linux-arm64': [ '0.34.5' ],
15 silly audit   '@img/sharp-linux-ppc64': [ '0.34.5' ],
15 silly audit   '@img/sharp-linux-riscv64': [ '0.34.5' ],
15 silly audit   '@img/sharp-linux-s390x': [ '0.34.5' ],
15 silly audit   '@img/sharp-linux-x64': [ '0.34.5' ],
15 silly audit   '@img/sharp-linuxmusl-arm64': [ '0.34.5' ],
15 silly audit   '@img/sharp-linuxmusl-x64': [ '0.34.5' ],
15 silly audit   '@img/sharp-wasm32': [ '0.34.5' ],
15 silly audit   '@img/sharp-win32-arm64': [ '0.34.5' ],
15 silly audit   '@img/sharp-win32-ia32': [ '0.34.5' ],
15 silly audit   '@img/sharp-win32-x64': [ '0.34.5' ],
15 silly audit   '@jridgewell/gen-mapping': [ '0.3.13' ],
15 silly audit   '@jridgewell/remapping': [ '2.3.5' ],
15 silly audit   '@jridgewell/resolve-uri': [ '3.1.2' ],
15 silly audit   '@jridgewell/sourcemap-codec': [ '1.5.5' ],
15 silly audit   '@jridgewell/trace-mapping': [ '0.3.31' ],
15 silly audit   '@next/env': [ '16.2.6' ],
15 silly audit   '@next/swc-darwin-arm64': [ '16.2.6' ],
15 silly audit   '@next/swc-darwin-x64': [ '16.2.6' ],
15 silly audit   '@next/swc-linux-arm64-gnu': [ '16.2.6' ],
15 silly audit   '@next/swc-linux-arm64-musl': [ '16.2.6' ],
15 silly audit   '@next/swc-linux-x64-gnu': [ '16.2.6' ],
15 silly audit   '@next/swc-linux-x64-musl': [ '16.2.6' ],
15 silly audit   '@next/swc-win32-arm64-msvc': [ '16.2.6' ],
15 silly audit   '@next/swc-win32-x64-msvc': [ '16.2.6' ],
15 silly audit   '@swc/helpers': [ '0.5.15' ],
15 silly audit   '@types/estree': [ '1.0.8' ],
15 silly audit   '@types/json-schema': [ '7.0.15' ],
15 silly audit   '@types/node': [ '24.10.4' ],
15 silly audit   '@types/react': [ '19.2.7' ],
15 silly audit   '@types/react-dom': [ '19.2.3' ],
15 silly audit   '@typescript-eslint/eslint-plugin': [ '8.50.0' ],
15 silly audit   ignore: [ '7.0.5', '5.3.2' ],
15 silly audit   '@typescript-eslint/parser': [ '8.50.0' ],
15 silly audit   '@typescript-eslint/project-service': [ '8.50.0' ],
15 silly audit   '@typescript-eslint/scope-manager': [ '8.50.0' ],
15 silly audit   '@typescript-eslint/tsconfig-utils': [ '8.50.0' ],
15 silly audit   '@typescript-eslint/type-utils': [ '8.50.0' ],
15 silly audit   '@typescript-eslint/types': [ '8.50.0' ],
15 silly audit   '@typescript-eslint/typescript-estree': [ '8.50.0' ],
15 silly audit   'brace-expansion': [ '2.0.2', '1.1.12' ],
15 silly audit   minimatch: [ '9.0.5', '3.1.2' ],
15 silly audit   semver: [ '7.7.3', '6.3.1', '7.8.1' ],
15 silly audit   '@typescript-eslint/utils': [ '8.50.0' ],
15 silly audit   '@typescript-eslint/visitor-keys': [ '8.50.0' ],
15 silly audit   acorn: [ '8.15.0' ],
15 silly audit   'acorn-jsx': [ '5.3.2' ],
15 silly audit   ajv: [ '6.12.6' ],
15 silly audit   'ansi-styles': [ '4.3.0' ],
15 silly audit   argparse: [ '2.0.1' ],
15 silly audit   'balanced-match': [ '1.0.2' ],
15 silly audit   'baseline-browser-mapping': [ '2.10.33' ],
15 silly audit   browserslist: [ '4.28.1' ],
15 silly audit   callsites: [ '3.1.0' ],
15 silly audit   'caniuse-lite': [ '1.0.30001761' ],
15 silly audit   chalk: [ '4.1.2' ],
15 silly audit   'client-only': [ '0.0.1' ],
15 silly audit   'color-convert': [ '2.0.1' ],
15 silly audit   'color-name': [ '1.1.4' ],
15 silly audit   'concat-map': [ '0.0.1' ],
15 silly audit   'convert-source-map': [ '2.0.0' ],
15 silly audit   'cross-spawn': [ '7.0.6' ],
15 silly audit   csstype: [ '3.2.3' ],
15 silly audit   debug: [ '4.4.3' ],
15 silly audit   'deep-is': [ '0.1.4' ],
15 silly audit   'detect-libc': [ '2.1.2' ],
15 silly audit   'electron-to-chromium': [ '1.5.267' ],
15 silly audit   escalade: [ '3.2.0' ],
15 silly audit   'escape-string-regexp': [ '4.0.0' ],
15 silly audit   eslint: [ '9.39.2' ],
15 silly audit   'eslint-plugin-react-hooks': [ '7.0.1' ],
15 silly audit   'eslint-scope': [ '8.4.0' ],
15 silly audit   espree: [ '10.4.0' ],
15 silly audit   esquery: [ '1.6.0' ],
15 silly audit   esrecurse: [ '4.3.0' ],
15 silly audit   estraverse: [ '5.3.0' ],
15 silly audit   esutils: [ '2.0.3' ],
15 silly audit   'fast-deep-equal': [ '3.1.3' ],
15 silly audit   'fast-json-stable-stringify': [ '2.1.0' ],
15 silly audit   'fast-levenshtein': [ '2.0.6' ],
15 silly audit   fdir: [ '6.5.0' ],
15 silly audit   'file-entry-cache': [ '8.0.0' ],
15 silly audit   'find-up': [ '5.0.0' ],
15 silly audit   'flat-cache': [ '4.0.1' ],
15 silly audit   flatted: [ '3.3.3' ],
15 silly audit   gensync: [ '1.0.0-beta.2' ],
15 silly audit   'glob-parent': [ '6.0.2' ],
15 silly audit   'has-flag': [ '4.0.0' ],
15 silly audit   'hermes-estree': [ '0.25.1' ],
15 silly audit   'hermes-parser': [ '0.25.1' ],
15 silly audit   'import-fresh': [ '3.3.1' ],
15 silly audit   imurmurhash: [ '0.1.4' ],
15 silly audit   'is-extglob': [ '2.1.1' ],
15 silly audit   'is-glob': [ '4.0.3' ],
15 silly audit   isexe: [ '2.0.0' ],
15 silly audit   'js-tokens': [ '4.0.0' ],
15 silly audit   'js-yaml': [ '4.1.1' ],
15 silly audit   jsesc: [ '3.1.0' ],
15 silly audit   'json-buffer': [ '3.0.1' ],
15 silly audit   'json-schema-traverse': [ '0.4.1' ],
15 silly audit   'json-stable-stringify-without-jsonify': [ '1.0.1' ],
15 silly audit   json5: [ '2.2.3' ],
15 silly audit   keyv: [ '4.5.4' ],
15 silly audit   levn: [ '0.4.1' ],
15 silly audit   'locate-path': [ '6.0.0' ],
15 silly audit   'lodash.merge': [ '4.6.2' ],
15 silly audit   'lru-cache': [ '5.1.1' ],
15 silly audit   ms: [ '2.1.3' ],
15 silly audit   nanoid: [ '3.3.11' ],
15 silly audit   'natural-compare': [ '1.4.0' ],
15 silly audit   next: [ '16.2.6' ],
15 silly audit   postcss: [ '8.4.31' ],
15 silly audit   'node-releases': [ '2.0.27' ],
15 silly audit   optionator: [ '0.9.4' ],
15 silly audit   'p-limit': [ '3.1.0' ],
15 silly audit   'p-locate': [ '5.0.0' ],
15 silly audit   'parent-module': [ '1.0.1' ],
15 silly audit   'path-exists': [ '4.0.0' ],
15 silly audit   'path-key': [ '3.1.1' ],
15 silly audit   picocolors: [ '1.1.1' ],
15 silly audit   picomatch: [ '4.0.3' ],
15 silly audit   'prelude-ls': [ '1.2.1' ],
15 silly audit   punycode: [ '2.3.1' ],
15 silly audit   react: [ '19.2.3' ],
15 silly audit   'react-dom': [ '19.2.3' ],
15 silly audit   'react-icons': [ '5.5.0' ],
15 silly audit   'resolve-from': [ '4.0.0' ],
15 silly audit   scheduler: [ '0.27.0' ],
15 silly audit   sharp: [ '0.34.5' ],
15 silly audit   'shebang-command': [ '2.0.0' ],
15 silly audit   'shebang-regex': [ '3.0.0' ],
15 silly audit   'source-map-js': [ '1.2.1' ],
15 silly audit   'strip-json-comments': [ '3.1.1' ],
15 silly audit   'styled-jsx': [ '5.1.6' ],
15 silly audit   'supports-color': [ '7.2.0' ],
15 silly audit   tinyglobby: [ '0.2.15' ],
15 silly audit   'ts-api-utils': [ '2.1.0' ],
15 silly audit   tslib: [ '2.8.1' ],
15 silly audit   'type-check': [ '0.4.0' ],
15 silly audit   typescript: [ '5.9.3' ],
15 silly audit   'typescript-eslint': [ '8.50.0' ],
15 silly audit   'undici-types': [ '7.16.0' ],
15 silly audit   'update-browserslist-db': [ '1.2.3' ],
15 silly audit   'uri-js': [ '4.4.1' ],
15 silly audit   which: [ '2.0.2' ],
15 silly audit   'word-wrap': [ '1.2.5' ],
15 silly audit   yallist: [ '3.1.1' ],
15 silly audit   'yocto-queue': [ '0.1.0' ],
15 silly audit   zod: [ '4.2.1' ],
15 silly audit   'zod-validation-error': [ '4.0.2' ]
15 silly audit }
16 http cache zod-validation-error@https://registry.npmjs.org/zod-validation-error/-/zod-validation-error-4.0.2.tgz 0ms (cache hit)
17 http cache zod@https://registry.npmjs.org/zod/-/zod-4.2.1.tgz 0ms (cache hit)
18 http cache yocto-queue@https://registry.npmjs.org/yocto-queue/-/yocto-queue-0.1.0.tgz 0ms (cache hit)
19 http cache word-wrap@https://registry.npmjs.org/word-wrap/-/word-wrap-1.2.5.tgz 0ms (cache hit)
20 http cache which@https://registry.npmjs.org/which/-/which-2.0.2.tgz 0ms (cache hit)
21 http cache uri-js@https://registry.npmjs.org/uri-js/-/uri-js-4.4.1.tgz 0ms (cache hit)
22 http cache yallist@https://registry.npmjs.org/yallist/-/yallist-3.1.1.tgz 0ms (cache hit)
23 http cache update-browserslist-db@https://registry.npmjs.org/update-browserslist-db/-/update-browserslist-db-1.2.3.tgz 0ms (cache hit)
24 http cache typescript-eslint@https://registry.npmjs.org/typescript-eslint/-/typescript-eslint-8.50.0.tgz 0ms (cache hit)
25 http cache undici-types@https://registry.npmjs.org/undici-types/-/undici-types-7.16.0.tgz 0ms (cache hit)
26 http cache typescript@https://registry.npmjs.org/typescript/-/typescript-5.9.3.tgz 0ms (cache hit)
27 http cache tslib@https://registry.npmjs.org/tslib/-/tslib-2.8.1.tgz 0ms (cache hit)
28 http cache type-check@https://registry.npmjs.org/type-check/-/type-check-0.4.0.tgz 0ms (cache hit)
29 http cache ts-api-utils@https://registry.npmjs.org/ts-api-utils/-/ts-api-utils-2.1.0.tgz 0ms (cache hit)
30 http cache tinyglobby@https://registry.npmjs.org/tinyglobby/-/tinyglobby-0.2.15.tgz 0ms (cache hit)
31 http cache supports-color@https://registry.npmjs.org/supports-color/-/supports-color-7.2.0.tgz 0ms (cache hit)
32 http cache styled-jsx@https://registry.npmjs.org/styled-jsx/-/styled-jsx-5.1.6.tgz 0ms (cache hit)
33 http cache strip-json-comments@https://registry.npmjs.org/strip-json-comments/-/strip-json-comments-3.1.1.tgz 0ms (cache hit)
34 http cache source-map-js@https://registry.npmjs.org/source-map-js/-/source-map-js-1.2.1.tgz 0ms (cache hit)
35 http cache shebang-regex@https://registry.npmjs.org/shebang-regex/-/shebang-regex-3.0.0.tgz 0ms (cache hit)
36 http cache sharp@https://registry.npmjs.org/sharp/-/sharp-0.34.5.tgz 0ms (cache hit)
37 http cache scheduler@https://registry.npmjs.org/scheduler/-/scheduler-0.27.0.tgz 0ms (cache hit)
38 http cache semver@https://registry.npmjs.org/semver/-/semver-6.3.1.tgz 0ms (cache hit)
39 http cache shebang-command@https://registry.npmjs.org/shebang-command/-/shebang-command-2.0.0.tgz 0ms (cache hit)
40 http cache resolve-from@https://registry.npmjs.org/resolve-from/-/resolve-from-4.0.0.tgz 0ms (cache hit)
41 http cache react-icons@https://registry.npmjs.org/react-icons/-/react-icons-5.5.0.tgz 0ms (cache hit)
42 http cache react-dom@https://registry.npmjs.org/react-dom/-/react-dom-19.2.3.tgz 0ms (cache hit)
43 http cache react@https://registry.npmjs.org/react/-/react-19.2.3.tgz 0ms (cache hit)
44 http cache picomatch@https://registry.npmjs.org/picomatch/-/picomatch-4.0.3.tgz 0ms (cache hit)
45 http cache prelude-ls@https://registry.npmjs.org/prelude-ls/-/prelude-ls-1.2.1.tgz 0ms (cache hit)
46 http cache punycode@https://registry.npmjs.org/punycode/-/punycode-2.3.1.tgz 0ms (cache hit)
47 http cache path-key@https://registry.npmjs.org/path-key/-/path-key-3.1.1.tgz 0ms (cache hit)
48 http cache picocolors@https://registry.npmjs.org/picocolors/-/picocolors-1.1.1.tgz 0ms (cache hit)
49 http cache path-exists@https://registry.npmjs.org/path-exists/-/path-exists-4.0.0.tgz 0ms (cache hit)
50 http cache parent-module@https://registry.npmjs.org/parent-module/-/parent-module-1.0.1.tgz 0ms (cache hit)
51 http cache p-locate@https://registry.npmjs.org/p-locate/-/p-locate-5.0.0.tgz 0ms (cache hit)
52 http cache optionator@https://registry.npmjs.org/optionator/-/optionator-0.9.4.tgz 0ms (cache hit)
53 http cache node-releases@https://registry.npmjs.org/node-releases/-/node-releases-2.0.27.tgz 0ms (cache hit)
54 http cache p-limit@https://registry.npmjs.org/p-limit/-/p-limit-3.1.0.tgz 0ms (cache hit)
55 http cache next@https://registry.npmjs.org/next/-/next-16.2.6.tgz 0ms (cache hit)
56 http cache natural-compare@https://registry.npmjs.org/natural-compare/-/natural-compare-1.4.0.tgz 0ms (cache hit)
57 http cache nanoid@https://registry.npmjs.org/nanoid/-/nanoid-3.3.11.tgz 0ms (cache hit)
58 http cache minimatch@https://registry.npmjs.org/minimatch/-/minimatch-3.1.2.tgz 0ms (cache hit)
59 http cache lru-cache@https://registry.npmjs.org/lru-cache/-/lru-cache-5.1.1.tgz 0ms (cache hit)
60 http cache locate-path@https://registry.npmjs.org/locate-path/-/locate-path-6.0.0.tgz 0ms (cache hit)
61 http cache lodash.merge@https://registry.npmjs.org/lodash.merge/-/lodash.merge-4.6.2.tgz 0ms (cache hit)
62 http cache levn@https://registry.npmjs.org/levn/-/levn-0.4.1.tgz 0ms (cache hit)
63 http cache keyv@https://registry.npmjs.org/keyv/-/keyv-4.5.4.tgz 0ms (cache hit)
64 http cache ms@https://registry.npmjs.org/ms/-/ms-2.1.3.tgz 0ms (cache hit)
65 http cache json5@https://registry.npmjs.org/json5/-/json5-2.2.3.tgz 0ms (cache hit)
66 http cache jsesc@https://registry.npmjs.org/jsesc/-/jsesc-3.1.0.tgz 0ms (cache hit)
67 http cache json-buffer@https://registry.npmjs.org/json-buffer/-/json-buffer-3.0.1.tgz 0ms (cache hit)
68 http cache json-schema-traverse@https://registry.npmjs.org/json-schema-traverse/-/json-schema-traverse-0.4.1.tgz 0ms (cache hit)
69 http cache json-stable-stringify-without-jsonify@https://registry.npmjs.org/json-stable-stringify-without-jsonify/-/json-stable-stringify-without-jsonify-1.0.1.tgz 0ms (cache hit)
70 http cache js-tokens@https://registry.npmjs.org/js-tokens/-/js-tokens-4.0.0.tgz 0ms (cache hit)
71 http cache isexe@https://registry.npmjs.org/isexe/-/isexe-2.0.0.tgz 0ms (cache hit)
72 http cache js-yaml@https://registry.npmjs.org/js-yaml/-/js-yaml-4.1.1.tgz 0ms (cache hit)
73 http cache is-glob@https://registry.npmjs.org/is-glob/-/is-glob-4.0.3.tgz 0ms (cache hit)
74 http cache is-extglob@https://registry.npmjs.org/is-extglob/-/is-extglob-2.1.1.tgz 0ms (cache hit)
75 http cache imurmurhash@https://registry.npmjs.org/imurmurhash/-/imurmurhash-0.1.4.tgz 0ms (cache hit)
76 http cache import-fresh@https://registry.npmjs.org/import-fresh/-/import-fresh-3.3.1.tgz 0ms (cache hit)
77 http cache ignore@https://registry.npmjs.org/ignore/-/ignore-5.3.2.tgz 0ms (cache hit)
78 http cache hermes-parser@https://registry.npmjs.org/hermes-parser/-/hermes-parser-0.25.1.tgz 0ms (cache hit)
79 http cache hermes-estree@https://registry.npmjs.org/hermes-estree/-/hermes-estree-0.25.1.tgz 0ms (cache hit)
80 http cache has-flag@https://registry.npmjs.org/has-flag/-/has-flag-4.0.0.tgz 0ms (cache hit)
81 http cache glob-parent@https://registry.npmjs.org/glob-parent/-/glob-parent-6.0.2.tgz 0ms (cache hit)
82 http cache gensync@https://registry.npmjs.org/gensync/-/gensync-1.0.0-beta.2.tgz 0ms (cache hit)
83 http cache flatted@https://registry.npmjs.org/flatted/-/flatted-3.3.3.tgz 0ms (cache hit)
84 http cache globals@https://registry.npmjs.org/globals/-/globals-16.5.0.tgz 0ms (cache hit)
85 http cache flat-cache@https://registry.npmjs.org/flat-cache/-/flat-cache-4.0.1.tgz 0ms (cache hit)
86 http cache find-up@https://registry.npmjs.org/find-up/-/find-up-5.0.0.tgz 0ms (cache hit)
87 http cache fdir@https://registry.npmjs.org/fdir/-/fdir-6.5.0.tgz 0ms (cache hit)
88 http cache file-entry-cache@https://registry.npmjs.org/file-entry-cache/-/file-entry-cache-8.0.0.tgz 0ms (cache hit)
89 http cache fast-levenshtein@https://registry.npmjs.org/fast-levenshtein/-/fast-levenshtein-2.0.6.tgz 0ms (cache hit)
90 http cache fast-json-stable-stringify@https://registry.npmjs.org/fast-json-stable-stringify/-/fast-json-stable-stringify-2.1.0.tgz 0ms (cache hit)
91 http cache esutils@https://registry.npmjs.org/esutils/-/esutils-2.0.3.tgz 0ms (cache hit)
92 http cache estraverse@https://registry.npmjs.org/estraverse/-/estraverse-5.3.0.tgz 0ms (cache hit)
93 http cache fast-deep-equal@https://registry.npmjs.org/fast-deep-equal/-/fast-deep-equal-3.1.3.tgz 0ms (cache hit)
94 http cache esrecurse@https://registry.npmjs.org/esrecurse/-/esrecurse-4.3.0.tgz 0ms (cache hit)
95 http cache espree@https://registry.npmjs.org/espree/-/espree-10.4.0.tgz 0ms (cache hit)
96 http cache esquery@https://registry.npmjs.org/esquery/-/esquery-1.6.0.tgz 0ms (cache hit)
97 http cache eslint-visitor-keys@https://registry.npmjs.org/eslint-visitor-keys/-/eslint-visitor-keys-4.2.1.tgz 0ms (cache hit)
98 http cache eslint-scope@https://registry.npmjs.org/eslint-scope/-/eslint-scope-8.4.0.tgz 0ms (cache hit)
99 http cache eslint@https://registry.npmjs.org/eslint/-/eslint-9.39.2.tgz 0ms (cache hit)
100 http cache eslint-plugin-react-hooks@https://registry.npmjs.org/eslint-plugin-react-hooks/-/eslint-plugin-react-hooks-7.0.1.tgz 0ms (cache hit)
101 http cache escape-string-regexp@https://registry.npmjs.org/escape-string-regexp/-/escape-string-regexp-4.0.0.tgz 0ms (cache hit)
102 http cache escalade@https://registry.npmjs.org/escalade/-/escalade-3.2.0.tgz 0ms (cache hit)
103 http cache electron-to-chromium@https://registry.npmjs.org/electron-to-chromium/-/electron-to-chromium-1.5.267.tgz 0ms (cache hit)
104 http cache detect-libc@https://registry.npmjs.org/detect-libc/-/detect-libc-2.1.2.tgz 0ms (cache hit)
105 http cache deep-is@https://registry.npmjs.org/deep-is/-/deep-is-0.1.4.tgz 0ms (cache hit)
106 http cache debug@https://registry.npmjs.org/debug/-/debug-4.4.3.tgz 0ms (cache hit)
107 http cache csstype@https://registry.npmjs.org/csstype/-/csstype-3.2.3.tgz 0ms (cache hit)
108 http cache cross-spawn@https://registry.npmjs.org/cross-spawn/-/cross-spawn-7.0.6.tgz 0ms (cache hit)
109 http cache color-name@https://registry.npmjs.org/color-name/-/color-name-1.1.4.tgz 0ms (cache hit)
110 http cache convert-source-map@https://registry.npmjs.org/convert-source-map/-/convert-source-map-2.0.0.tgz 0ms (cache hit)
111 http cache color-convert@https://registry.npmjs.org/color-convert/-/color-convert-2.0.1.tgz 0ms (cache hit)
112 http cache client-only@https://registry.npmjs.org/client-only/-/client-only-0.0.1.tgz 0ms (cache hit)
113 http cache concat-map@https://registry.npmjs.org/concat-map/-/concat-map-0.0.1.tgz 0ms (cache hit)
114 http cache callsites@https://registry.npmjs.org/callsites/-/callsites-3.1.0.tgz 0ms (cache hit)
115 http cache caniuse-lite@https://registry.npmjs.org/caniuse-lite/-/caniuse-lite-1.0.30001761.tgz 0ms (cache hit)
116 http cache chalk@https://registry.npmjs.org/chalk/-/chalk-4.1.2.tgz 0ms (cache hit)
117 http cache brace-expansion@https://registry.npmjs.org/brace-expansion/-/brace-expansion-1.1.12.tgz 0ms (cache hit)
118 http cache baseline-browser-mapping@https://registry.npmjs.org/baseline-browser-mapping/-/baseline-browser-mapping-2.10.33.tgz 0ms (cache hit)
119 http cache browserslist@https://registry.npmjs.org/browserslist/-/browserslist-4.28.1.tgz 0ms (cache hit)
120 http cache balanced-match@https://registry.npmjs.org/balanced-match/-/balanced-match-1.0.2.tgz 0ms (cache hit)
121 http cache argparse@https://registry.npmjs.org/argparse/-/argparse-2.0.1.tgz 0ms (cache hit)
122 http cache ansi-styles@https://registry.npmjs.org/ansi-styles/-/ansi-styles-4.3.0.tgz 0ms (cache hit)
123 http cache ajv@https://registry.npmjs.org/ajv/-/ajv-6.12.6.tgz 0ms (cache hit)
124 http cache acorn-jsx@https://registry.npmjs.org/acorn-jsx/-/acorn-jsx-5.3.2.tgz 0ms (cache hit)
125 http cache acorn@https://registry.npmjs.org/acorn/-/acorn-8.15.0.tgz 0ms (cache hit)
126 http cache @typescript-eslint/visitor-keys@https://registry.npmjs.org/@typescript-eslint/visitor-keys/-/visitor-keys-8.50.0.tgz 0ms (cache hit)
127 http cache @typescript-eslint/typescript-estree@https://registry.npmjs.org/@typescript-eslint/typescript-estree/-/typescript-estree-8.50.0.tgz 0ms (cache hit)
128 http cache @typescript-eslint/types@https://registry.npmjs.org/@typescript-eslint/types/-/types-8.50.0.tgz 0ms (cache hit)
129 http cache @typescript-eslint/utils@https://registry.npmjs.org/@typescript-eslint/utils/-/utils-8.50.0.tgz 0ms (cache hit)
130 http cache @typescript-eslint/type-utils@https://registry.npmjs.org/@typescript-eslint/type-utils/-/type-utils-8.50.0.tgz 0ms (cache hit)
131 http cache @typescript-eslint/tsconfig-utils@https://registry.npmjs.org/@typescript-eslint/tsconfig-utils/-/tsconfig-utils-8.50.0.tgz 0ms (cache hit)
132 http cache @typescript-eslint/project-service@https://registry.npmjs.org/@typescript-eslint/project-service/-/project-service-8.50.0.tgz 0ms (cache hit)
133 http cache @typescript-eslint/scope-manager@https://registry.npmjs.org/@typescript-eslint/scope-manager/-/scope-manager-8.50.0.tgz 0ms (cache hit)
134 http cache @typescript-eslint/parser@https://registry.npmjs.org/@typescript-eslint/parser/-/parser-8.50.0.tgz 0ms (cache hit)
135 http cache @types/react@https://registry.npmjs.org/@types/react/-/react-19.2.7.tgz 0ms (cache hit)
136 http cache @types/react-dom@https://registry.npmjs.org/@types/react-dom/-/react-dom-19.2.3.tgz 0ms (cache hit)
137 http cache @types/node@https://registry.npmjs.org/@types/node/-/node-24.10.4.tgz 0ms (cache hit)
138 http cache @types/json-schema@https://registry.npmjs.org/@types/json-schema/-/json-schema-7.0.15.tgz 0ms (cache hit)
139 http cache @types/estree@https://registry.npmjs.org/@types/estree/-/estree-1.0.8.tgz 0ms (cache hit)
140 http cache @typescript-eslint/eslint-plugin@https://registry.npmjs.org/@typescript-eslint/eslint-plugin/-/eslint-plugin-8.50.0.tgz 0ms (cache hit)
141 http cache @swc/helpers@https://registry.npmjs.org/@swc/helpers/-/helpers-0.5.15.tgz 0ms (cache hit)
142 http cache @next/swc-darwin-x64@https://registry.npmjs.org/@next/swc-darwin-x64/-/swc-darwin-x64-16.2.6.tgz 0ms (cache hit)
143 http cache @jridgewell/trace-mapping@https://registry.npmjs.org/@jridgewell/trace-mapping/-/trace-mapping-0.3.31.tgz 0ms (cache hit)
144 http cache @next/env@https://registry.npmjs.org/@next/env/-/env-16.2.6.tgz 0ms (cache hit)
145 http cache @jridgewell/sourcemap-codec@https://registry.npmjs.org/@jridgewell/sourcemap-codec/-/sourcemap-codec-1.5.5.tgz 0ms (cache hit)
146 http cache @jridgewell/remapping@https://registry.npmjs.org/@jridgewell/remapping/-/remapping-2.3.5.tgz 0ms (cache hit)
147 http cache @jridgewell/resolve-uri@https://registry.npmjs.org/@jridgewell/resolve-uri/-/resolve-uri-3.1.2.tgz 0ms (cache hit)
148 http cache @jridgewell/gen-mapping@https://registry.npmjs.org/@jridgewell/gen-mapping/-/gen-mapping-0.3.13.tgz 0ms (cache hit)
149 http cache @img/sharp-libvips-darwin-x64@https://registry.npmjs.org/@img/sharp-libvips-darwin-x64/-/sharp-libvips-darwin-x64-1.2.4.tgz 0ms (cache hit)
150 http cache @img/colour@https://registry.npmjs.org/@img/colour/-/colour-1.1.0.tgz 0ms (cache hit)
151 http cache @img/sharp-darwin-x64@https://registry.npmjs.org/@img/sharp-darwin-x64/-/sharp-darwin-x64-0.34.5.tgz 0ms (cache hit)
152 http cache @humanwhocodes/retry@https://registry.npmjs.org/@humanwhocodes/retry/-/retry-0.4.3.tgz 0ms (cache hit)
153 http cache @humanwhocodes/module-importer@https://registry.npmjs.org/@humanwhocodes/module-importer/-/module-importer-1.0.1.tgz 0ms (cache hit)
154 http cache @humanfs/node@https://registry.npmjs.org/@humanfs/node/-/node-0.16.7.tgz 0ms (cache hit)
155 http cache @humanfs/core@https://registry.npmjs.org/@humanfs/core/-/core-0.19.1.tgz 0ms (cache hit)
156 http cache @eslint/object-schema@https://registry.npmjs.org/@eslint/object-schema/-/object-schema-2.1.7.tgz 0ms (cache hit)
157 http cache @eslint/plugin-kit@https://registry.npmjs.org/@eslint/plugin-kit/-/plugin-kit-0.4.1.tgz 0ms (cache hit)
158 http cache @eslint/js@https://registry.npmjs.org/@eslint/js/-/js-9.39.2.tgz 0ms (cache hit)
159 http cache @eslint/eslintrc@https://registry.npmjs.org/@eslint/eslintrc/-/eslintrc-3.3.3.tgz 0ms (cache hit)
160 http cache @eslint/core@https://registry.npmjs.org/@eslint/core/-/core-0.17.0.tgz 0ms (cache hit)
161 http cache @eslint/config-helpers@https://registry.npmjs.org/@eslint/config-helpers/-/config-helpers-0.4.2.tgz 0ms (cache hit)
162 http cache @eslint/config-array@https://registry.npmjs.org/@eslint/config-array/-/config-array-0.21.1.tgz 0ms (cache hit)
163 http cache @eslint-community/regexpp@https://registry.npmjs.org/@eslint-community/regexpp/-/regexpp-4.12.2.tgz 0ms (cache hit)
164 http cache @eslint-community/eslint-utils@https://registry.npmjs.org/@eslint-community/eslint-utils/-/eslint-utils-4.9.0.tgz 0ms (cache hit)
165 http cache @babel/types@https://registry.npmjs.org/@babel/types/-/types-7.28.5.tgz 0ms (cache hit)
166 http cache @babel/traverse@https://registry.npmjs.org/@babel/traverse/-/traverse-7.28.5.tgz 0ms (cache hit)
167 http cache @babel/template@https://registry.npmjs.org/@babel/template/-/template-7.27.2.tgz 0ms (cache hit)
168 http cache @babel/parser@https://registry.npmjs.org/@babel/parser/-/parser-7.28.5.tgz 0ms (cache hit)
169 http cache @babel/helpers@https://registry.npmjs.org/@babel/helpers/-/helpers-7.28.4.tgz 0ms (cache hit)
170 http cache @babel/helper-validator-option@https://registry.npmjs.org/@babel/helper-validator-option/-/helper-validator-option-7.27.1.tgz 0ms (cache hit)
171 http cache @babel/helper-validator-identifier@https://registry.npmjs.org/@babel/helper-validator-identifier/-/helper-validator-identifier-7.28.5.tgz 0ms (cache hit)
172 http cache @babel/helper-string-parser@https://registry.npmjs.org/@babel/helper-string-parser/-/helper-string-parser-7.27.1.tgz 0ms (cache hit)
173 http cache @babel/helper-module-transforms@https://registry.npmjs.org/@babel/helper-module-transforms/-/helper-module-transforms-7.28.3.tgz 0ms (cache hit)
174 http cache @babel/helper-globals@https://registry.npmjs.org/@babel/helper-globals/-/helper-globals-7.28.0.tgz 0ms (cache hit)
175 http cache @babel/helper-compilation-targets@https://registry.npmjs.org/@babel/helper-compilation-targets/-/helper-compilation-targets-7.27.2.tgz 0ms (cache hit)
176 http cache @babel/helper-module-imports@https://registry.npmjs.org/@babel/helper-module-imports/-/helper-module-imports-7.27.1.tgz 0ms (cache hit)
177 http cache @babel/generator@https://registry.npmjs.org/@babel/generator/-/generator-7.28.5.tgz 0ms (cache hit)
178 http cache @babel/core@https://registry.npmjs.org/@babel/core/-/core-7.28.5.tgz 0ms (cache hit)
179 http cache @babel/code-frame@https://registry.npmjs.org/@babel/code-frame/-/code-frame-7.27.1.tgz 0ms (cache hit)
180 http cache @babel/compat-data@https://registry.npmjs.org/@babel/compat-data/-/compat-data-7.28.5.tgz 0ms (cache hit)
181 http cache semver@https://registry.npmjs.org/semver/-/semver-7.8.1.tgz 0ms (cache hit)
182 http cache postcss@https://registry.npmjs.org/postcss/-/postcss-8.4.31.tgz 0ms (cache hit)
183 http cache minimatch@https://registry.npmjs.org/minimatch/-/minimatch-9.0.5.tgz 0ms (cache hit)
184 http cache brace-expansion@https://registry.npmjs.org/brace-expansion/-/brace-expansion-2.0.2.tgz 0ms (cache hit)
185 http cache semver@https://registry.npmjs.org/semver/-/semver-7.7.3.tgz 0ms (cache hit)
186 http cache ignore@https://registry.npmjs.org/ignore/-/ignore-7.0.5.tgz 0ms (cache hit)
187 http cache globals@https://registry.npmjs.org/globals/-/globals-14.0.0.tgz 0ms (cache hit)
188 http cache eslint-visitor-keys@https://registry.npmjs.org/eslint-visitor-keys/-/eslint-visitor-keys-3.4.3.tgz 0ms (cache hit)
189 silly tarball no local data for zod-validation-error@https://registry.npmjs.org/zod-validation-error/-/zod-validation-error-4.0.2.tgz. Extracting by manifest.
190 silly tarball no local data for zod@https://registry.npmjs.org/zod/-/zod-4.2.1.tgz. Extracting by manifest.
191 silly tarball no local data for yocto-queue@https://registry.npmjs.org/yocto-queue/-/yocto-queue-0.1.0.tgz. Extracting by manifest.
192 silly tarball no local data for word-wrap@https://registry.npmjs.org/word-wrap/-/word-wrap-1.2.5.tgz. Extracting by manifest.
193 silly tarball no local data for which@https://registry.npmjs.org/which/-/which-2.0.2.tgz. Extracting by manifest.
194 silly tarball no local data for uri-js@https://registry.npmjs.org/uri-js/-/uri-js-4.4.1.tgz. Extracting by manifest.
195 silly tarball no local data for yallist@https://registry.npmjs.org/yallist/-/yallist-3.1.1.tgz. Extracting by manifest.
196 silly tarball no local data for update-browserslist-db@https://registry.npmjs.org/update-browserslist-db/-/update-browserslist-db-1.2.3.tgz. Extracting by manifest.
197 silly tarball no local data for typescript-eslint@https://registry.npmjs.org/typescript-eslint/-/typescript-eslint-8.50.0.tgz. Extracting by manifest.
198 silly tarball no local data for undici-types@https://registry.npmjs.org/undici-types/-/undici-types-7.16.0.tgz. Extracting by manifest.
199 silly tarball no local data for typescript@https://registry.npmjs.org/typescript/-/typescript-5.9.3.tgz. Extracting by manifest.
200 silly tarball no local data for tslib@https://registry.npmjs.org/tslib/-/tslib-2.8.1.tgz. Extracting by manifest.
201 silly tarball no local data for type-check@https://registry.npmjs.org/type-check/-/type-check-0.4.0.tgz. Extracting by manifest.
202 silly tarball no local data for ts-api-utils@https://registry.npmjs.org/ts-api-utils/-/ts-api-utils-2.1.0.tgz. Extracting by manifest.
203 silly tarball no local data for tinyglobby@https://registry.npmjs.org/tinyglobby/-/tinyglobby-0.2.15.tgz. Extracting by manifest.
204 silly tarball no local data for supports-color@https://registry.npmjs.org/supports-color/-/supports-color-7.2.0.tgz. Extracting by manifest.
205 silly tarball no local data for styled-jsx@https://registry.npmjs.org/styled-jsx/-/styled-jsx-5.1.6.tgz. Extracting by manifest.
206 silly tarball no local data for strip-json-comments@https://registry.npmjs.org/strip-json-comments/-/strip-json-comments-3.1.1.tgz. Extracting by manifest.
207 silly tarball no local data for source-map-js@https://registry.npmjs.org/source-map-js/-/source-map-js-1.2.1.tgz. Extracting by manifest.
208 silly tarball no local data for shebang-regex@https://registry.npmjs.org/shebang-regex/-/shebang-regex-3.0.0.tgz. Extracting by manifest.
209 silly tarball no local data for sharp@https://registry.npmjs.org/sharp/-/sharp-0.34.5.tgz. Extracting by manifest.
210 silly tarball no local data for scheduler@https://registry.npmjs.org/scheduler/-/scheduler-0.27.0.tgz. Extracting by manifest.
211 silly tarball no local data for semver@https://registry.npmjs.org/semver/-/semver-6.3.1.tgz. Extracting by manifest.
212 silly tarball no local data for shebang-command@https://registry.npmjs.org/shebang-command/-/shebang-command-2.0.0.tgz. Extracting by manifest.
213 silly tarball no local data for resolve-from@https://registry.npmjs.org/resolve-from/-/resolve-from-4.0.0.tgz. Extracting by manifest.
214 silly tarball no local data for react-icons@https://registry.npmjs.org/react-icons/-/react-icons-5.5.0.tgz. Extracting by manifest.
215 silly tarball no local data for react-dom@https://registry.npmjs.org/react-dom/-/react-dom-19.2.3.tgz. Extracting by manifest.
216 silly tarball no local data for react@https://registry.npmjs.org/react/-/react-19.2.3.tgz. Extracting by manifest.
217 silly tarball no local data for picomatch@https://registry.npmjs.org/picomatch/-/picomatch-4.0.3.tgz. Extracting by manifest.
218 silly tarball no local data for prelude-ls@https://registry.npmjs.org/prelude-ls/-/prelude-ls-1.2.1.tgz. Extracting by manifest.
219 silly tarball no local data for punycode@https://registry.npmjs.org/punycode/-/punycode-2.3.1.tgz. Extracting by manifest.
220 silly tarball no local data for path-key@https://registry.npmjs.org/path-key/-/path-key-3.1.1.tgz. Extracting by manifest.
221 silly tarball no local data for picocolors@https://registry.npmjs.org/picocolors/-/picocolors-1.1.1.tgz. Extracting by manifest.
222 silly tarball no local data for path-exists@https://registry.npmjs.org/path-exists/-/path-exists-4.0.0.tgz. Extracting by manifest.
223 silly tarball no local data for parent-module@https://registry.npmjs.org/parent-module/-/parent-module-1.0.1.tgz. Extracting by manifest.
224 silly tarball no local data for p-locate@https://registry.npmjs.org/p-locate/-/p-locate-5.0.0.tgz. Extracting by manifest.
225 silly tarball no local data for optionator@https://registry.npmjs.org/optionator/-/optionator-0.9.4.tgz. Extracting by manifest.
226 silly tarball no local data for node-releases@https://registry.npmjs.org/node-releases/-/node-releases-2.0.27.tgz. Extracting by manifest.
227 silly tarball no local data for p-limit@https://registry.npmjs.org/p-limit/-/p-limit-3.1.0.tgz. Extracting by manifest.
228 silly tarball no local data for next@https://registry.npmjs.org/next/-/next-16.2.6.tgz. Extracting by manifest.
229 silly tarball no local data for natural-compare@https://registry.npmjs.org/natural-compare/-/natural-compare-1.4.0.tgz. Extracting by manifest.
230 silly tarball no local data for nanoid@https://registry.npmjs.org/nanoid/-/nanoid-3.3.11.tgz. Extracting by manifest.
231 silly tarball no local data for minimatch@https://registry.npmjs.org/minimatch/-/minimatch-3.1.2.tgz. Extracting by manifest.
232 silly tarball no local data for lru-cache@https://registry.npmjs.org/lru-cache/-/lru-cache-5.1.1.tgz. Extracting by manifest.
233 silly tarball no local data for locate-path@https://registry.npmjs.org/locate-path/-/locate-path-6.0.0.tgz. Extracting by manifest.
234 silly tarball no local data for lodash.merge@https://registry.npmjs.org/lodash.merge/-/lodash.merge-4.6.2.tgz. Extracting by manifest.
235 silly tarball no local data for levn@https://registry.npmjs.org/levn/-/levn-0.4.1.tgz. Extracting by manifest.
236 silly tarball no local data for keyv@https://registry.npmjs.org/keyv/-/keyv-4.5.4.tgz. Extracting by manifest.
237 silly tarball no local data for ms@https://registry.npmjs.org/ms/-/ms-2.1.3.tgz. Extracting by manifest.
238 silly tarball no local data for json5@https://registry.npmjs.org/json5/-/json5-2.2.3.tgz. Extracting by manifest.
239 silly tarball no local data for jsesc@https://registry.npmjs.org/jsesc/-/jsesc-3.1.0.tgz. Extracting by manifest.
240 silly tarball no local data for json-buffer@https://registry.npmjs.org/json-buffer/-/json-buffer-3.0.1.tgz. Extracting by manifest.
241 silly tarball no local data for json-schema-traverse@https://registry.npmjs.org/json-schema-traverse/-/json-schema-traverse-0.4.1.tgz. Extracting by manifest.
242 silly tarball no local data for json-stable-stringify-without-jsonify@https://registry.npmjs.org/json-stable-stringify-without-jsonify/-/json-stable-stringify-without-jsonify-1.0.1.tgz. Extracting by manifest.
243 silly tarball no local data for js-tokens@https://registry.npmjs.org/js-tokens/-/js-tokens-4.0.0.tgz. Extracting by manifest.
244 silly tarball no local data for isexe@https://registry.npmjs.org/isexe/-/isexe-2.0.0.tgz. Extracting by manifest.
245 silly tarball no local data for js-yaml@https://registry.npmjs.org/js-yaml/-/js-yaml-4.1.1.tgz. Extracting by manifest.
246 silly tarball no local data for is-glob@https://registry.npmjs.org/is-glob/-/is-glob-4.0.3.tgz. Extracting by manifest.
247 silly tarball no local data for is-extglob@https://registry.npmjs.org/is-extglob/-/is-extglob-2.1.1.tgz. Extracting by manifest.
248 silly tarball no local data for imurmurhash@https://registry.npmjs.org/imurmurhash/-/imurmurhash-0.1.4.tgz. Extracting by manifest.
249 silly tarball no local data for import-fresh@https://registry.npmjs.org/import-fresh/-/import-fresh-3.3.1.tgz. Extracting by manifest.
250 silly tarball no local data for ignore@https://registry.npmjs.org/ignore/-/ignore-5.3.2.tgz. Extracting by manifest.
251 silly tarball no local data for hermes-parser@https://registry.npmjs.org/hermes-parser/-/hermes-parser-0.25.1.tgz. Extracting by manifest.
252 silly tarball no local data for hermes-estree@https://registry.npmjs.org/hermes-estree/-/hermes-estree-0.25.1.tgz. Extracting by manifest.
253 silly tarball no local data for has-flag@https://registry.npmjs.org/has-flag/-/has-flag-4.0.0.tgz. Extracting by manifest.
254 silly tarball no local data for glob-parent@https://registry.npmjs.org/glob-parent/-/glob-parent-6.0.2.tgz. Extracting by manifest.
255 silly tarball no local data for gensync@https://registry.npmjs.org/gensync/-/gensync-1.0.0-beta.2.tgz. Extracting by manifest.
256 silly tarball no local data for flatted@https://registry.npmjs.org/flatted/-/flatted-3.3.3.tgz. Extracting by manifest.
257 silly tarball no local data for globals@https://registry.npmjs.org/globals/-/globals-16.5.0.tgz. Extracting by manifest.
258 silly tarball no local data for flat-cache@https://registry.npmjs.org/flat-cache/-/flat-cache-4.0.1.tgz. Extracting by manifest.
259 silly tarball no local data for find-up@https://registry.npmjs.org/find-up/-/find-up-5.0.0.tgz. Extracting by manifest.
260 silly tarball no local data for fdir@https://registry.npmjs.org/fdir/-/fdir-6.5.0.tgz. Extracting by manifest.
261 silly tarball no local data for file-entry-cache@https://registry.npmjs.org/file-entry-cache/-/file-entry-cache-8.0.0.tgz. Extracting by manifest.
262 silly tarball no local data for fast-levenshtein@https://registry.npmjs.org/fast-levenshtein/-/fast-levenshtein-2.0.6.tgz. Extracting by manifest.
263 silly tarball no local data for fast-json-stable-stringify@https://registry.npmjs.org/fast-json-stable-stringify/-/fast-json-stable-stringify-2.1.0.tgz. Extracting by manifest.
264 silly tarball no local data for esutils@https://registry.npmjs.org/esutils/-/esutils-2.0.3.tgz. Extracting by manifest.
265 silly tarball no local data for estraverse@https://registry.npmjs.org/estraverse/-/estraverse-5.3.0.tgz. Extracting by manifest.
266 silly tarball no local data for fast-deep-equal@https://registry.npmjs.org/fast-deep-equal/-/fast-deep-equal-3.1.3.tgz. Extracting by manifest.
267 silly tarball no local data for esrecurse@https://registry.npmjs.org/esrecurse/-/esrecurse-4.3.0.tgz. Extracting by manifest.
268 silly tarball no local data for espree@https://registry.npmjs.org/espree/-/espree-10.4.0.tgz. Extracting by manifest.
269 silly tarball no local data for esquery@https://registry.npmjs.org/esquery/-/esquery-1.6.0.tgz. Extracting by manifest.
270 silly tarball no local data for eslint-visitor-keys@https://registry.npmjs.org/eslint-visitor-keys/-/eslint-visitor-keys-4.2.1.tgz. Extracting by manifest.
271 silly tarball no local data for eslint-scope@https://registry.npmjs.org/eslint-scope/-/eslint-scope-8.4.0.tgz. Extracting by manifest.
272 silly tarball no local data for eslint@https://registry.npmjs.org/eslint/-/eslint-9.39.2.tgz. Extracting by manifest.
273 silly tarball no local data for eslint-plugin-react-hooks@https://registry.npmjs.org/eslint-plugin-react-hooks/-/eslint-plugin-react-hooks-7.0.1.tgz. Extracting by manifest.
274 silly tarball no local data for escape-string-regexp@https://registry.npmjs.org/escape-string-regexp/-/escape-string-regexp-4.0.0.tgz. Extracting by manifest.
275 silly tarball no local data for escalade@https://registry.npmjs.org/escalade/-/escalade-3.2.0.tgz. Extracting by manifest.
276 silly tarball no local data for electron-to-chromium@https://registry.npmjs.org/electron-to-chromium/-/electron-to-chromium-1.5.267.tgz. Extracting by manifest.
277 silly tarball no local data for detect-libc@https://registry.npmjs.org/detect-libc/-/detect-libc-2.1.2.tgz. Extracting by manifest.
278 silly tarball no local data for deep-is@https://registry.npmjs.org/deep-is/-/deep-is-0.1.4.tgz. Extracting by manifest.
279 silly tarball no local data for debug@https://registry.npmjs.org/debug/-/debug-4.4.3.tgz. Extracting by manifest.
280 silly tarball no local data for csstype@https://registry.npmjs.org/csstype/-/csstype-3.2.3.tgz. Extracting by manifest.
281 silly tarball no local data for cross-spawn@https://registry.npmjs.org/cross-spawn/-/cross-spawn-7.0.6.tgz. Extracting by manifest.
282 silly tarball no local data for color-name@https://registry.npmjs.org/color-name/-/color-name-1.1.4.tgz. Extracting by manifest.
283 silly tarball no local data for convert-source-map@https://registry.npmjs.org/convert-source-map/-/convert-source-map-2.0.0.tgz. Extracting by manifest.
284 silly tarball no local data for color-convert@https://registry.npmjs.org/color-convert/-/color-convert-2.0.1.tgz. Extracting by manifest.
285 silly tarball no local data for client-only@https://registry.npmjs.org/client-only/-/client-only-0.0.1.tgz. Extracting by manifest.
286 silly tarball no local data for concat-map@https://registry.npmjs.org/concat-map/-/concat-map-0.0.1.tgz. Extracting by manifest.
287 silly tarball no local data for callsites@https://registry.npmjs.org/callsites/-/callsites-3.1.0.tgz. Extracting by manifest.
288 silly tarball no local data for caniuse-lite@https://registry.npmjs.org/caniuse-lite/-/caniuse-lite-1.0.30001761.tgz. Extracting by manifest.
289 silly tarball no local data for chalk@https://registry.npmjs.org/chalk/-/chalk-4.1.2.tgz. Extracting by manifest.
290 silly tarball no local data for brace-expansion@https://registry.npmjs.org/brace-expansion/-/brace-expansion-1.1.12.tgz. Extracting by manifest.
291 silly tarball no local data for baseline-browser-mapping@https://registry.npmjs.org/baseline-browser-mapping/-/baseline-browser-mapping-2.10.33.tgz. Extracting by manifest.
292 silly tarball no local data for browserslist@https://registry.npmjs.org/browserslist/-/browserslist-4.28.1.tgz. Extracting by manifest.
293 silly tarball no local data for balanced-match@https://registry.npmjs.org/balanced-match/-/balanced-match-1.0.2.tgz. Extracting by manifest.
294 silly tarball no local data for argparse@https://registry.npmjs.org/argparse/-/argparse-2.0.1.tgz. Extracting by manifest.
295 silly tarball no local data for ansi-styles@https://registry.npmjs.org/ansi-styles/-/ansi-styles-4.3.0.tgz. Extracting by manifest.
296 silly tarball no local data for ajv@https://registry.npmjs.org/ajv/-/ajv-6.12.6.tgz. Extracting by manifest.
297 silly tarball no local data for acorn-jsx@https://registry.npmjs.org/acorn-jsx/-/acorn-jsx-5.3.2.tgz. Extracting by manifest.
298 silly tarball no local data for acorn@https://registry.npmjs.org/acorn/-/acorn-8.15.0.tgz. Extracting by manifest.
299 silly tarball no local data for @typescript-eslint/visitor-keys@https://registry.npmjs.org/@typescript-eslint/visitor-keys/-/visitor-keys-8.50.0.tgz. Extracting by manifest.
300 silly tarball no local data for @typescript-eslint/typescript-estree@https://registry.npmjs.org/@typescript-eslint/typescript-estree/-/typescript-estree-8.50.0.tgz. Extracting by manifest.
301 silly tarball no local data for @typescript-eslint/types@https://registry.npmjs.org/@typescript-eslint/types/-/types-8.50.0.tgz. Extracting by manifest.
302 silly tarball no local data for @typescript-eslint/utils@https://registry.npmjs.org/@typescript-eslint/utils/-/utils-8.50.0.tgz. Extracting by manifest.
303 silly tarball no local data for @typescript-eslint/type-utils@https://registry.npmjs.org/@typescript-eslint/type-utils/-/type-utils-8.50.0.tgz. Extracting by manifest.
304 silly tarball no local data for @typescript-eslint/tsconfig-utils@https://registry.npmjs.org/@typescript-eslint/tsconfig-utils/-/tsconfig-utils-8.50.0.tgz. Extracting by manifest.
305 silly tarball no local data for @typescript-eslint/project-service@https://registry.npmjs.org/@typescript-eslint/project-service/-/project-service-8.50.0.tgz. Extracting by manifest.
306 silly tarball no local data for @typescript-eslint/scope-manager@https://registry.npmjs.org/@typescript-eslint/scope-manager/-/scope-manager-8.50.0.tgz. Extracting by manifest.
307 silly tarball no local data for @typescript-eslint/parser@https://registry.npmjs.org/@typescript-eslint/parser/-/parser-8.50.0.tgz. Extracting by manifest.
308 silly tarball no local data for @types/react@https://registry.npmjs.org/@types/react/-/react-19.2.7.tgz. Extracting by manifest.
309 silly tarball no local data for @types/react-dom@https://registry.npmjs.org/@types/react-dom/-/react-dom-19.2.3.tgz. Extracting by manifest.
310 silly tarball no local data for @types/node@https://registry.npmjs.org/@types/node/-/node-24.10.4.tgz. Extracting by manifest.
311 silly tarball no local data for @types/json-schema@https://registry.npmjs.org/@types/json-schema/-/json-schema-7.0.15.tgz. Extracting by manifest.
312 silly tarball no local data for @types/estree@https://registry.npmjs.org/@types/estree/-/estree-1.0.8.tgz. Extracting by manifest.
313 silly tarball no local data for @typescript-eslint/eslint-plugin@https://registry.npmjs.org/@typescript-eslint/eslint-plugin/-/eslint-plugin-8.50.0.tgz. Extracting by manifest.
314 silly tarball no local data for @swc/helpers@https://registry.npmjs.org/@swc/helpers/-/helpers-0.5.15.tgz. Extracting by manifest.
315 silly tarball no local data for @next/swc-darwin-x64@https://registry.npmjs.org/@next/swc-darwin-x64/-/swc-darwin-x64-16.2.6.tgz. Extracting by manifest.
316 silly tarball no local data for @jridgewell/trace-mapping@https://registry.npmjs.org/@jridgewell/trace-mapping/-/trace-mapping-0.3.31.tgz. Extracting by manifest.
317 silly tarball no local data for @next/env@https://registry.npmjs.org/@next/env/-/env-16.2.6.tgz. Extracting by manifest.
318 silly tarball no local data for @jridgewell/sourcemap-codec@https://registry.npmjs.org/@jridgewell/sourcemap-codec/-/sourcemap-codec-1.5.5.tgz. Extracting by manifest.
319 silly tarball no local data for @jridgewell/remapping@https://registry.npmjs.org/@jridgewell/remapping/-/remapping-2.3.5.tgz. Extracting by manifest.
320 silly tarball no local data for @jridgewell/resolve-uri@https://registry.npmjs.org/@jridgewell/resolve-uri/-/resolve-uri-3.1.2.tgz. Extracting by manifest.
321 silly tarball no local data for @jridgewell/gen-mapping@https://registry.npmjs.org/@jridgewell/gen-mapping/-/gen-mapping-0.3.13.tgz. Extracting by manifest.
322 silly tarball no local data for @img/sharp-libvips-darwin-x64@https://registry.npmjs.org/@img/sharp-libvips-darwin-x64/-/sharp-libvips-darwin-x64-1.2.4.tgz. Extracting by manifest.
323 silly tarball no local data for @img/colour@https://registry.npmjs.org/@img/colour/-/colour-1.1.0.tgz. Extracting by manifest.
324 silly tarball no local data for @img/sharp-darwin-x64@https://registry.npmjs.org/@img/sharp-darwin-x64/-/sharp-darwin-x64-0.34.5.tgz. Extracting by manifest.
325 silly tarball no local data for @humanwhocodes/retry@https://registry.npmjs.org/@humanwhocodes/retry/-/retry-0.4.3.tgz. Extracting by manifest.
326 silly tarball no local data for @humanwhocodes/module-importer@https://registry.npmjs.org/@humanwhocodes/module-importer/-/module-importer-1.0.1.tgz. Extracting by manifest.
327 silly tarball no local data for @humanfs/node@https://registry.npmjs.org/@humanfs/node/-/node-0.16.7.tgz. Extracting by manifest.
328 silly tarball no local data for @humanfs/core@https://registry.npmjs.org/@humanfs/core/-/core-0.19.1.tgz. Extracting by manifest.
329 silly tarball no local data for @eslint/object-schema@https://registry.npmjs.org/@eslint/object-schema/-/object-schema-2.1.7.tgz. Extracting by manifest.
330 silly tarball no local data for @eslint/plugin-kit@https://registry.npmjs.org/@eslint/plugin-kit/-/plugin-kit-0.4.1.tgz. Extracting by manifest.
331 silly tarball no local data for @eslint/js@https://registry.npmjs.org/@eslint/js/-/js-9.39.2.tgz. Extracting by manifest.
332 silly tarball no local data for @eslint/eslintrc@https://registry.npmjs.org/@eslint/eslintrc/-/eslintrc-3.3.3.tgz. Extracting by manifest.
333 silly tarball no local data for @eslint/core@https://registry.npmjs.org/@eslint/core/-/core-0.17.0.tgz. Extracting by manifest.
334 silly tarball no local data for @eslint/config-helpers@https://registry.npmjs.org/@eslint/config-helpers/-/config-helpers-0.4.2.tgz. Extracting by manifest.
335 silly tarball no local data for @eslint/config-array@https://registry.npmjs.org/@eslint/config-array/-/config-array-0.21.1.tgz. Extracting by manifest.
336 silly tarball no local data for @eslint-community/regexpp@https://registry.npmjs.org/@eslint-community/regexpp/-/regexpp-4.12.2.tgz. Extracting by manifest.
337 silly tarball no local data for @eslint-community/eslint-utils@https://registry.npmjs.org/@eslint-community/eslint-utils/-/eslint-utils-4.9.0.tgz. Extracting by manifest.
338 silly tarball no local data for @babel/types@https://registry.npmjs.org/@babel/types/-/types-7.28.5.tgz. Extracting by manifest.
339 silly tarball no local data for @babel/traverse@https://registry.npmjs.org/@babel/traverse/-/traverse-7.28.5.tgz. Extracting by manifest.
340 silly tarball no local data for @babel/template@https://registry.npmjs.org/@babel/template/-/template-7.27.2.tgz. Extracting by manifest.
341 silly tarball no local data for @babel/parser@https://registry.npmjs.org/@babel/parser/-/parser-7.28.5.tgz. Extracting by manifest.
342 silly tarball no local data for @babel/helpers@https://registry.npmjs.org/@babel/helpers/-/helpers-7.28.4.tgz. Extracting by manifest.
343 silly tarball no local data for @babel/helper-validator-option@https://registry.npmjs.org/@babel/helper-validator-option/-/helper-validator-option-7.27.1.tgz. Extracting by manifest.
344 silly tarball no local data for @babel/helper-validator-identifier@https://registry.npmjs.org/@babel/helper-validator-identifier/-/helper-validator-identifier-7.28.5.tgz. Extracting by manifest.
345 silly tarball no local data for @babel/helper-string-parser@https://registry.npmjs.org/@babel/helper-string-parser/-/helper-string-parser-7.27.1.tgz. Extracting by manifest.
346 silly tarball no local data for @babel/helper-module-transforms@https://registry.npmjs.org/@babel/helper-module-transforms/-/helper-module-transforms-7.28.3.tgz. Extracting by manifest.
347 silly tarball no local data for @babel/helper-globals@https://registry.npmjs.org/@babel/helper-globals/-/helper-globals-7.28.0.tgz. Extracting by manifest.
348 silly tarball no local data for @babel/helper-compilation-targets@https://registry.npmjs.org/@babel/helper-compilation-targets/-/helper-compilation-targets-7.27.2.tgz. Extracting by manifest.
349 silly tarball no local data for @babel/helper-module-imports@https://registry.npmjs.org/@babel/helper-module-imports/-/helper-module-imports-7.27.1.tgz. Extracting by manifest.
350 silly tarball no local data for @babel/generator@https://registry.npmjs.org/@babel/generator/-/generator-7.28.5.tgz. Extracting by manifest.
351 silly tarball no local data for @babel/core@https://registry.npmjs.org/@babel/core/-/core-7.28.5.tgz. Extracting by manifest.
352 silly tarball no local data for @babel/code-frame@https://registry.npmjs.org/@babel/code-frame/-/code-frame-7.27.1.tgz. Extracting by manifest.
353 silly tarball no local data for @babel/compat-data@https://registry.npmjs.org/@babel/compat-data/-/compat-data-7.28.5.tgz. Extracting by manifest.
354 silly tarball no local data for semver@https://registry.npmjs.org/semver/-/semver-7.8.1.tgz. Extracting by manifest.
355 silly tarball no local data for postcss@https://registry.npmjs.org/postcss/-/postcss-8.4.31.tgz. Extracting by manifest.
356 silly tarball no local data for minimatch@https://registry.npmjs.org/minimatch/-/minimatch-9.0.5.tgz. Extracting by manifest.
357 silly tarball no local data for brace-expansion@https://registry.npmjs.org/brace-expansion/-/brace-expansion-2.0.2.tgz. Extracting by manifest.
358 silly tarball no local data for semver@https://registry.npmjs.org/semver/-/semver-7.7.3.tgz. Extracting by manifest.
359 silly tarball no local data for ignore@https://registry.npmjs.org/ignore/-/ignore-7.0.5.tgz. Extracting by manifest.
360 silly tarball no local data for globals@https://registry.npmjs.org/globals/-/globals-14.0.0.tgz. Extracting by manifest.
361 silly tarball no local data for eslint-visitor-keys@https://registry.npmjs.org/eslint-visitor-keys/-/eslint-visitor-keys-3.4.3.tgz. Extracting by manifest.
362 http fetch GET 200 https://registry.npmjs.org/yocto-queue/-/yocto-queue-0.1.0.tgz 491ms (cache miss)
363 http fetch GET 200 https://registry.npmjs.org/word-wrap/-/word-wrap-1.2.5.tgz 491ms (cache miss)
364 http fetch GET 200 https://registry.npmjs.org/update-browserslist-db/-/update-browserslist-db-1.2.3.tgz 491ms (cache miss)
365 http fetch GET 200 https://registry.npmjs.org/yallist/-/yallist-3.1.1.tgz 493ms (cache miss)
366 http fetch GET 200 https://registry.npmjs.org/which/-/which-2.0.2.tgz 494ms (cache miss)
367 http fetch GET 200 https://registry.npmjs.org/npm 685ms
368 http fetch POST 200 https://registry.npmjs.org/-/npm/v1/security/advisories/bulk 756ms
369 silly audit report {
369 silly audit report   '@babel/core': [
369 silly audit report     {
369 silly audit report       id: 1120793,
369 silly audit report       url: 'https://github.com/advisories/GHSA-4x5r-pxfx-6jf8',
369 silly audit report       title: '@babel/core: Arbitrary File Read via sourceMappingURL Comment',
369 silly audit report       severity: 'low',
369 silly audit report       vulnerable_versions: '<=7.29.0',
369 silly audit report       cwe: [Array],
369 silly audit report       cvss: [Object]
369 silly audit report     }
369 silly audit report   ],
369 silly audit report   'brace-expansion': [
369 silly audit report     {
369 silly audit report       id: 1115540,
369 silly audit report       url: 'https://github.com/advisories/GHSA-f886-m6hf-6m8v',
369 silly audit report       title: 'brace-expansion: Zero-step sequence causes process hang and memory exhaustion',
369 silly audit report       severity: 'moderate',
369 silly audit report       vulnerable_versions: '<1.1.13',
369 silly audit report       cwe: [Array],
369 silly audit report       cvss: [Object]
369 silly audit report     },
369 silly audit report     {
369 silly audit report       id: 1115541,
369 silly audit report       url: 'https://github.com/advisories/GHSA-f886-m6hf-6m8v',
369 silly audit report       title: 'brace-expansion: Zero-step sequence causes process hang and memory exhaustion',
369 silly audit report       severity: 'moderate',
369 silly audit report       vulnerable_versions: '>=2.0.0 <2.0.3',
369 silly audit report       cwe: [Array],
369 silly audit report       cvss: [Object]
369 silly audit report     }
369 silly audit report   ],
369 silly audit report   minimatch: [
369 silly audit report     {
369 silly audit report       id: 1113459,
369 silly audit report       url: 'https://github.com/advisories/GHSA-3ppc-4f35-3m26',
369 silly audit report       title: 'minimatch has a ReDoS via repeated wildcards with non-matching literal in pattern',
369 silly audit report       severity: 'high',
369 silly audit report       vulnerable_versions: '<3.1.3',
369 silly audit report       cwe: [Array],
369 silly audit report       cvss: [Object]
369 silly audit report     },
369 silly audit report     {
369 silly audit report       id: 1113465,
369 silly audit report       url: 'https://github.com/advisories/GHSA-3ppc-4f35-3m26',
369 silly audit report       title: 'minimatch has a ReDoS via repeated wildcards with non-matching literal in pattern',
369 silly audit report       severity: 'high',
369 silly audit report       vulnerable_versions: '>=9.0.0 <9.0.6',
369 silly audit report       cwe: [Array],
369 silly audit report       cvss: [Object]
369 silly audit report     },
369 silly audit report     {
369 silly audit report       id: 1113538,
369 silly audit report       url: 'https://github.com/advisories/GHSA-7r86-cg39-jmmj',
369 silly audit report       title: 'minimatch has ReDoS: matchOne() combinatorial backtracking via multiple non-adjacent GLOBSTAR segments',
369 silly audit report       severity: 'high',
369 silly audit report       vulnerable_versions: '<3.1.3',
369 silly audit report       cwe: [Array],
369 silly audit report       cvss: [Object]
369 silly audit report     },
369 silly audit report     {
369 silly audit report       id: 1113544,
369 silly audit report       url: 'https://github.com/advisories/GHSA-7r86-cg39-jmmj',
369 silly audit report       title: 'minimatch has ReDoS: matchOne() combinatorial backtracking via multiple non-adjacent GLOBSTAR segments',
369 silly audit report       severity: 'high',
369 silly audit report       vulnerable_versions: '>=9.0.0 <9.0.7',
369 silly audit report       cwe: [Array],
369 silly audit report       cvss: [Object]
369 silly audit report     },
369 silly audit report     {
369 silly audit report       id: 1113546,
369 silly audit report       url: 'https://github.com/advisories/GHSA-23c5-xmqv-rm74',
369 silly audit report       title: 'minimatch ReDoS: nested *() extglobs generate catastrophically backtracking regular expressions',
369 silly audit report       severity: 'high',
369 silly audit report       vulnerable_versions: '<3.1.4',
369 silly audit report       cwe: [Array],
369 silly audit report       cvss: [Object]
369 silly audit report     },
369 silly audit report     {
369 silly audit report       id: 1113552,
369 silly audit report       url: 'https://github.com/advisories/GHSA-23c5-xmqv-rm74',
369 silly audit report       title: 'minimatch ReDoS: nested *() extglobs generate catastrophically backtracking regular expressions',
369 silly audit report       severity: 'high',
369 silly audit report       vulnerable_versions: '>=9.0.0 <9.0.7',
369 silly audit report       cwe: [Array],
369 silly audit report       cvss: [Object]
369 silly audit report     }
369 silly audit report   ],
369 silly audit report   ajv: [
369 silly audit report     {
369 silly audit report       id: 1113714,
369 silly audit report       url: 'https://github.com/advisories/GHSA-2g4f-4pwh-qvx6',
369 silly audit report       title: 'ajv has ReDoS when using `$data` option',
369 silly audit report       severity: 'moderate',
369 silly audit report       vulnerable_versions: '<6.14.0',
369 silly audit report       cwe: [Array],
369 silly audit report       cvss: [Object]
369 silly audit report     }
369 silly audit report   ],
369 silly audit report   flatted: [
369 silly audit report     {
369 silly audit report       id: 1114526,
369 silly audit report       url: 'https://github.com/advisories/GHSA-25h7-pfq9-p65f',
369 silly audit report       title: 'flatted vulnerable to unbounded recursion DoS in parse() revive phase',
369 silly audit report       severity: 'high',
369 silly audit report       vulnerable_versions: '<3.4.0',
369 silly audit report       cwe: [Array],
369 silly audit report       cvss: [Object]
369 silly audit report     },
369 silly audit report     {
369 silly audit report       id: 1115357,
369 silly audit report       url: 'https://github.com/advisories/GHSA-rf6f-7fwh-wjgh',
369 silly audit report       title: 'Prototype Pollution via parse() in NodeJS flatted',
369 silly audit report       severity: 'high',
369 silly audit report       vulnerable_versions: '<=3.4.1',
369 silly audit report       cwe: [Array],
369 silly audit report       cvss: [Object]
369 silly audit report     }
369 silly audit report   ],
369 silly audit report   'js-yaml': [
369 silly audit report     {
369 silly audit report       id: 1120792,
369 silly audit report       url: 'https://github.com/advisories/GHSA-h67p-54hq-rp68',
369 silly audit report       title: 'JS-YAML: Quadratic-complexity DoS in merge key handling via repeated aliases',
369 silly audit report       severity: 'moderate',
369 silly audit report       vulnerable_versions: '<=4.1.1',
369 silly audit report       cwe: [Array],
369 silly audit report       cvss: [Object]
369 silly audit report     }
369 silly audit report   ],
369 silly audit report   postcss: [
369 silly audit report     {
369 silly audit report       id: 1117015,
369 silly audit report       url: 'https://github.com/advisories/GHSA-qx2v-qp2m-jg93',
369 silly audit report       title: 'PostCSS has XSS via Unescaped </style> in its CSS Stringify Output',
369 silly audit report       severity: 'moderate',
369 silly audit report       vulnerable_versions: '<8.5.10',
369 silly audit report       cwe: [Array],
369 silly audit report       cvss: [Object]
369 silly audit report     }
369 silly audit report   ],
369 silly audit report   picomatch: [
369 silly audit report     {
369 silly audit report       id: 1115551,
369 silly audit report       url: 'https://github.com/advisories/GHSA-3v7f-55p6-f55p',
369 silly audit report       title: 'Picomatch: Method Injection in POSIX Character Classes causes incorrect Glob Matching',
369 silly audit report       severity: 'moderate',
369 silly audit report       vulnerable_versions: '>=4.0.0 <4.0.4',
369 silly audit report       cwe: [Array],
369 silly audit report       cvss: [Object]
369 silly audit report     },
369 silly audit report     {
369 silly audit report       id: 1115554,
369 silly audit report       url: 'https://github.com/advisories/GHSA-c2c7-rcm5-vvqj',
369 silly audit report       title: 'Picomatch has a ReDoS vulnerability via extglob quantifiers',
369 silly audit report       severity: 'high',
369 silly audit report       vulnerable_versions: '>=4.0.0 <4.0.4',
369 silly audit report       cwe: [Array],
369 silly audit report       cvss: [Object]
369 silly audit report     }
369 silly audit report   ]
369 silly audit report }
370 silly packumentCache corgi:https://registry.npmjs.org/@babel%2fcore cache-miss
371 silly packumentCache corgi:https://registry.npmjs.org/brace-expansion cache-miss
372 silly packumentCache corgi:https://registry.npmjs.org/minimatch cache-miss
373 silly packumentCache corgi:https://registry.npmjs.org/ajv cache-miss
374 silly packumentCache corgi:https://registry.npmjs.org/flatted cache-miss
375 silly packumentCache corgi:https://registry.npmjs.org/js-yaml cache-miss
376 silly packumentCache corgi:https://registry.npmjs.org/postcss cache-miss
377 silly packumentCache corgi:https://registry.npmjs.org/picomatch cache-miss
378 http fetch GET 200 https://registry.npmjs.org/typescript-eslint/-/typescript-eslint-8.50.0.tgz 711ms (cache miss)
379 http fetch GET 200 https://registry.npmjs.org/type-check/-/type-check-0.4.0.tgz 716ms (cache miss)
380 http fetch GET 200 https://registry.npmjs.org/shebang-regex/-/shebang-regex-3.0.0.tgz 767ms (cache miss)
381 http fetch GET 200 https://registry.npmjs.org/shebang-command/-/shebang-command-2.0.0.tgz 765ms (cache miss)
382 http fetch GET 200 https://registry.npmjs.org/resolve-from/-/resolve-from-4.0.0.tgz 766ms (cache miss)
383 http fetch GET 200 https://registry.npmjs.org/supports-color/-/supports-color-7.2.0.tgz 771ms (cache miss)
384 http fetch GET 200 https://registry.npmjs.org/strip-json-comments/-/strip-json-comments-3.1.1.tgz 771ms (cache miss)
385 http fetch GET 200 https://registry.npmjs.org/tslib/-/tslib-2.8.1.tgz 784ms (cache miss)
386 http fetch GET 200 https://registry.npmjs.org/semver/-/semver-6.3.1.tgz 784ms (cache miss)
387 http fetch GET 200 https://registry.npmjs.org/tinyglobby/-/tinyglobby-0.2.15.tgz 793ms (cache miss)
388 http fetch GET 200 https://registry.npmjs.org/zod-validation-error/-/zod-validation-error-4.0.2.tgz 822ms (cache miss)
389 http fetch GET 200 https://registry.npmjs.org/scheduler/-/scheduler-0.27.0.tgz 824ms (cache miss)
390 http fetch GET 200 https://registry.npmjs.org/undici-types/-/undici-types-7.16.0.tgz 880ms (cache miss)
391 http fetch GET 200 https://registry.npmjs.org/parent-module/-/parent-module-1.0.1.tgz 882ms (cache miss)
392 http fetch GET 200 https://registry.npmjs.org/source-map-js/-/source-map-js-1.2.1.tgz 893ms (cache miss)
393 http fetch GET 200 https://registry.npmjs.org/optionator/-/optionator-0.9.4.tgz 886ms (cache miss)
394 http fetch GET 200 https://registry.npmjs.org/path-exists/-/path-exists-4.0.0.tgz 894ms (cache miss)
395 http fetch GET 200 https://registry.npmjs.org/node-releases/-/node-releases-2.0.27.tgz 893ms (cache miss)
396 http fetch GET 200 https://registry.npmjs.org/ts-api-utils/-/ts-api-utils-2.1.0.tgz 908ms (cache miss)
397 http fetch GET 200 https://registry.npmjs.org/path-key/-/path-key-3.1.1.tgz 939ms (cache miss)
398 http fetch GET 200 https://registry.npmjs.org/p-limit/-/p-limit-3.1.0.tgz 946ms (cache miss)
399 http fetch GET 200 https://registry.npmjs.org/nanoid/-/nanoid-3.3.11.tgz 953ms (cache miss)
400 http fetch GET 200 https://registry.npmjs.org/natural-compare/-/natural-compare-1.4.0.tgz 954ms (cache miss)
401 http fetch GET 200 https://registry.npmjs.org/minimatch/-/minimatch-3.1.2.tgz 963ms (cache miss)
402 http fetch GET 200 https://registry.npmjs.org/picocolors/-/picocolors-1.1.1.tgz 971ms (cache miss)
403 http fetch GET 200 https://registry.npmjs.org/prelude-ls/-/prelude-ls-1.2.1.tgz 974ms (cache miss)
404 http fetch GET 200 https://registry.npmjs.org/lru-cache/-/lru-cache-5.1.1.tgz 970ms (cache miss)
405 http fetch GET 200 https://registry.npmjs.org/styled-jsx/-/styled-jsx-5.1.6.tgz 998ms (cache miss)
406 http fetch GET 200 https://registry.npmjs.org/locate-path/-/locate-path-6.0.0.tgz 985ms (cache miss)
407 http fetch GET 200 https://registry.npmjs.org/lodash.merge/-/lodash.merge-4.6.2.tgz 996ms (cache miss)
408 http fetch GET 200 https://registry.npmjs.org/levn/-/levn-0.4.1.tgz 1005ms (cache miss)
409 http fetch GET 200 https://registry.npmjs.org/react/-/react-19.2.3.tgz 1024ms (cache miss)
410 http fetch GET 200 https://registry.npmjs.org/keyv/-/keyv-4.5.4.tgz 1019ms (cache miss)
411 http fetch GET 200 https://registry.npmjs.org/punycode/-/punycode-2.3.1.tgz 1029ms (cache miss)
412 http fetch GET 200 https://registry.npmjs.org/sharp/-/sharp-0.34.5.tgz 1035ms (cache miss)
413 http fetch GET 200 https://registry.npmjs.org/ms/-/ms-2.1.3.tgz 1036ms (cache miss)
414 http fetch GET 200 https://registry.npmjs.org/jsesc/-/jsesc-3.1.0.tgz 1038ms (cache miss)
415 http fetch GET 200 https://registry.npmjs.org/uri-js/-/uri-js-4.4.1.tgz 1073ms (cache miss)
416 http fetch GET 200 https://registry.npmjs.org/p-locate/-/p-locate-5.0.0.tgz 1155ms (cache miss)
417 http fetch GET 200 https://registry.npmjs.org/json-stable-stringify-without-jsonify/-/json-stable-stringify-without-jsonify-1.0.1.tgz 1353ms (cache miss)
418 http fetch GET 200 https://registry.npmjs.org/import-fresh/-/import-fresh-3.3.1.tgz 1422ms (cache miss)
419 http fetch GET 200 https://registry.npmjs.org/ignore/-/ignore-5.3.2.tgz 1502ms (cache miss)
420 http fetch GET 200 https://registry.npmjs.org/json-buffer/-/json-buffer-3.0.1.tgz 1530ms (cache miss)
421 http fetch GET 200 https://registry.npmjs.org/picomatch/-/picomatch-4.0.3.tgz 1544ms (cache miss)
422 http fetch GET 200 https://registry.npmjs.org/is-glob/-/is-glob-4.0.3.tgz 1528ms (cache miss)
423 http fetch GET 200 https://registry.npmjs.org/zod/-/zod-4.2.1.tgz 1560ms (cache miss)
424 http fetch GET 200 https://registry.npmjs.org/is-extglob/-/is-extglob-2.1.1.tgz 1536ms (cache miss)
425 http fetch GET 200 https://registry.npmjs.org/js-tokens/-/js-tokens-4.0.0.tgz 1605ms (cache miss)
426 http fetch GET 200 https://registry.npmjs.org/json-schema-traverse/-/json-schema-traverse-0.4.1.tgz 1919ms (cache miss)
427 http fetch GET 200 https://registry.npmjs.org/isexe/-/isexe-2.0.0.tgz 2307ms (cache miss)
428 http fetch GET 200 https://registry.npmjs.org/json5/-/json5-2.2.3.tgz 2373ms (cache miss)
429 http fetch GET 200 https://registry.npmjs.org/find-up/-/find-up-5.0.0.tgz 2548ms (cache miss)
430 http fetch GET 200 https://registry.npmjs.org/has-flag/-/has-flag-4.0.0.tgz 2670ms (cache miss)
431 http fetch GET 200 https://registry.npmjs.org/hermes-parser/-/hermes-parser-0.25.1.tgz 2692ms (cache miss)
432 http fetch GET 200 https://registry.npmjs.org/globals/-/globals-16.5.0.tgz 2834ms (cache miss)
433 http fetch GET 200 https://registry.npmjs.org/typescript/-/typescript-5.9.3.tgz 2913ms (cache miss)
434 http fetch GET 200 https://registry.npmjs.org/fast-levenshtein/-/fast-levenshtein-2.0.6.tgz 2893ms (cache miss)
435 http fetch GET 200 https://registry.npmjs.org/gensync/-/gensync-1.0.0-beta.2.tgz 2910ms (cache miss)
436 http fetch GET 200 https://registry.npmjs.org/fast-json-stable-stringify/-/fast-json-stable-stringify-2.1.0.tgz 2908ms (cache miss)
437 http fetch GET 200 https://registry.npmjs.org/flatted/-/flatted-3.3.3.tgz 2960ms (cache miss)
438 http fetch GET 200 https://registry.npmjs.org/fast-deep-equal/-/fast-deep-equal-3.1.3.tgz 2973ms (cache miss)
439 http fetch GET 200 https://registry.npmjs.org/estraverse/-/estraverse-5.3.0.tgz 2975ms (cache miss)
440 http fetch GET 200 https://registry.npmjs.org/react-dom/-/react-dom-19.2.3.tgz 3010ms (cache miss)
441 http fetch GET 200 https://registry.npmjs.org/fdir/-/fdir-6.5.0.tgz 2992ms (cache miss)
442 http fetch GET 200 https://registry.npmjs.org/esrecurse/-/esrecurse-4.3.0.tgz 2991ms (cache miss)
443 http fetch GET 200 https://registry.npmjs.org/esutils/-/esutils-2.0.3.tgz 3022ms (cache miss)
444 http fetch GET 200 https://registry.npmjs.org/file-entry-cache/-/file-entry-cache-8.0.0.tgz 3026ms (cache miss)
445 http fetch GET 200 https://registry.npmjs.org/espree/-/espree-10.4.0.tgz 3211ms (cache miss)
446 http fetch GET 200 https://registry.npmjs.org/eslint-visitor-keys/-/eslint-visitor-keys-4.2.1.tgz 3352ms (cache miss)
447 http fetch GET 200 https://registry.npmjs.org/escape-string-regexp/-/escape-string-regexp-4.0.0.tgz 3417ms (cache miss)
448 http fetch GET 200 https://registry.npmjs.org/detect-libc/-/detect-libc-2.1.2.tgz 3425ms (cache miss)
449 http fetch GET 200 https://registry.npmjs.org/deep-is/-/deep-is-0.1.4.tgz 3520ms (cache miss)
450 http fetch GET 200 https://registry.npmjs.org/imurmurhash/-/imurmurhash-0.1.4.tgz 3706ms (cache miss)
451 http fetch GET 200 https://registry.npmjs.org/flat-cache/-/flat-cache-4.0.1.tgz 3704ms (cache miss)
452 http fetch GET 200 https://registry.npmjs.org/color-name/-/color-name-1.1.4.tgz 3759ms (cache miss)
453 http fetch GET 200 https://registry.npmjs.org/electron-to-chromium/-/electron-to-chromium-1.5.267.tgz 3869ms (cache miss)
454 http fetch GET 200 https://registry.npmjs.org/color-convert/-/color-convert-2.0.1.tgz 3995ms (cache miss)
455 http fetch GET 200 https://registry.npmjs.org/eslint-scope/-/eslint-scope-8.4.0.tgz 4031ms (cache miss)
456 http fetch GET 200 https://registry.npmjs.org/client-only/-/client-only-0.0.1.tgz 4078ms (cache miss)
457 http fetch GET 200 https://registry.npmjs.org/concat-map/-/concat-map-0.0.1.tgz 4130ms (cache miss)
458 http fetch GET 200 https://registry.npmjs.org/glob-parent/-/glob-parent-6.0.2.tgz 4268ms (cache miss)
459 http fetch GET 200 https://registry.npmjs.org/callsites/-/callsites-3.1.0.tgz 4253ms (cache miss)
460 http fetch GET 200 https://registry.npmjs.org/esquery/-/esquery-1.6.0.tgz 4265ms (cache miss)
461 http fetch GET 200 https://registry.npmjs.org/debug/-/debug-4.4.3.tgz 4408ms (cache miss)
462 http fetch GET 200 https://registry.npmjs.org/brace-expansion/-/brace-expansion-1.1.12.tgz 4400ms (cache miss)
463 http fetch GET 200 https://registry.npmjs.org/cross-spawn/-/cross-spawn-7.0.6.tgz 4404ms (cache miss)
464 http fetch GET 200 https://registry.npmjs.org/convert-source-map/-/convert-source-map-2.0.0.tgz 4428ms (cache miss)
465 http fetch GET 200 https://registry.npmjs.org/js-yaml/-/js-yaml-4.1.1.tgz 4468ms (cache miss)
466 http fetch GET 200 https://registry.npmjs.org/balanced-match/-/balanced-match-1.0.2.tgz 4465ms (cache miss)
467 http fetch GET 200 https://registry.npmjs.org/acorn-jsx/-/acorn-jsx-5.3.2.tgz 4534ms (cache miss)
468 http fetch GET 200 https://registry.npmjs.org/ansi-styles/-/ansi-styles-4.3.0.tgz 4556ms (cache miss)
469 http fetch GET 200 https://registry.npmjs.org/argparse/-/argparse-2.0.1.tgz 4585ms (cache miss)
470 http fetch GET 200 https://registry.npmjs.org/escalade/-/escalade-3.2.0.tgz 4599ms (cache miss)
471 http fetch GET 200 https://registry.npmjs.org/@typescript-eslint/visitor-keys/-/visitor-keys-8.50.0.tgz 4658ms (cache miss)
472 http fetch GET 200 https://registry.npmjs.org/acorn/-/acorn-8.15.0.tgz 4728ms (cache miss)
473 http fetch GET 200 https://registry.npmjs.org/hermes-estree/-/hermes-estree-0.25.1.tgz 4795ms (cache miss)
474 http fetch GET 200 https://registry.npmjs.org/eslint-plugin-react-hooks/-/eslint-plugin-react-hooks-7.0.1.tgz 4793ms (cache miss)
475 http fetch GET 200 https://registry.npmjs.org/@typescript-eslint/utils/-/utils-8.50.0.tgz 4797ms (cache miss)
476 http fetch GET 200 https://registry.npmjs.org/chalk/-/chalk-4.1.2.tgz 4909ms (cache miss)
477 http fetch GET 200 https://registry.npmjs.org/@typescript-eslint/type-utils/-/type-utils-8.50.0.tgz 4915ms (cache miss)
478 http fetch GET 200 https://registry.npmjs.org/browserslist/-/browserslist-4.28.1.tgz 5095ms (cache miss)
479 http fetch GET 200 https://registry.npmjs.org/@types/react/-/react-19.2.7.tgz 5099ms (cache miss)
480 http fetch GET 200 https://registry.npmjs.org/@typescript-eslint/types/-/types-8.50.0.tgz 5180ms (cache miss)
481 http fetch GET 200 https://registry.npmjs.org/baseline-browser-mapping/-/baseline-browser-mapping-2.10.33.tgz 5194ms (cache miss)
482 http fetch GET 200 https://registry.npmjs.org/@types/react-dom/-/react-dom-19.2.3.tgz 5189ms (cache miss)
483 http fetch GET 200 https://registry.npmjs.org/@typescript-eslint/parser/-/parser-8.50.0.tgz 5291ms (cache miss)
484 http fetch GET 200 https://registry.npmjs.org/@typescript-eslint/typescript-estree/-/typescript-estree-8.50.0.tgz 5298ms (cache miss)
485 http fetch GET 200 https://registry.npmjs.org/@typescript-eslint/project-service/-/project-service-8.50.0.tgz 5428ms (cache miss)
486 http fetch GET 200 https://registry.npmjs.org/@types/estree/-/estree-1.0.8.tgz 5425ms (cache miss)
487 http fetch GET 200 https://registry.npmjs.org/csstype/-/csstype-3.2.3.tgz 5538ms (cache miss)
488 http fetch GET 200 https://registry.npmjs.org/@typescript-eslint/tsconfig-utils/-/tsconfig-utils-8.50.0.tgz 5811ms (cache miss)
489 http fetch GET 200 https://registry.npmjs.org/@next/env/-/env-16.2.6.tgz 5849ms (cache miss)
490 http fetch GET 200 https://registry.npmjs.org/@jridgewell/trace-mapping/-/trace-mapping-0.3.31.tgz 5972ms (cache miss)
491 http fetch GET 200 https://registry.npmjs.org/@types/node/-/node-24.10.4.tgz 6007ms (cache miss)
492 http fetch GET 200 https://registry.npmjs.org/@jridgewell/gen-mapping/-/gen-mapping-0.3.13.tgz 6126ms (cache miss)
493 http fetch GET 200 https://registry.npmjs.org/@jridgewell/remapping/-/remapping-2.3.5.tgz 6130ms (cache miss)
494 http fetch GET 200 https://registry.npmjs.org/@jridgewell/sourcemap-codec/-/sourcemap-codec-1.5.5.tgz 6469ms (cache miss)
495 http fetch GET 200 https://registry.npmjs.org/@swc/helpers/-/helpers-0.5.15.tgz 6544ms (cache miss)
496 http fetch GET 200 https://registry.npmjs.org/@img/colour/-/colour-1.1.0.tgz 6560ms (cache miss)
497 http fetch GET 200 https://registry.npmjs.org/@humanwhocodes/module-importer/-/module-importer-1.0.1.tgz 6653ms (cache miss)
498 http fetch GET 200 https://registry.npmjs.org/@humanfs/node/-/node-0.16.7.tgz 6714ms (cache miss)
499 http fetch GET 200 https://registry.npmjs.org/@typescript-eslint/scope-manager/-/scope-manager-8.50.0.tgz 6891ms (cache miss)
500 http fetch GET 200 https://registry.npmjs.org/@humanwhocodes/retry/-/retry-0.4.3.tgz 6994ms (cache miss)
501 http fetch GET 200 https://registry.npmjs.org/@eslint/object-schema/-/object-schema-2.1.7.tgz 6993ms (cache miss)
502 http fetch GET 200 https://registry.npmjs.org/@humanfs/core/-/core-0.19.1.tgz 7631ms (cache miss)
503 http fetch GET 200 https://registry.npmjs.org/@img/sharp-darwin-x64/-/sharp-darwin-x64-0.34.5.tgz 7764ms (cache miss)
504 http fetch GET 200 https://registry.npmjs.org/@eslint/core/-/core-0.17.0.tgz 8123ms (cache miss)
505 http fetch GET 200 https://registry.npmjs.org/@eslint/plugin-kit/-/plugin-kit-0.4.1.tgz 9145ms (cache miss)
506 http fetch GET 200 https://registry.npmjs.org/@eslint/js/-/js-9.39.2.tgz 9170ms (cache miss)
507 http fetch GET 200 https://registry.npmjs.org/@eslint/config-array/-/config-array-0.21.1.tgz 9657ms (cache miss)
508 http fetch GET 200 https://registry.npmjs.org/@eslint-community/regexpp/-/regexpp-4.12.2.tgz 9676ms (cache miss)
509 http fetch GET 200 https://registry.npmjs.org/ajv/-/ajv-6.12.6.tgz 9743ms (cache miss)
510 http fetch GET 200 https://registry.npmjs.org/@eslint-community/eslint-utils/-/eslint-utils-4.9.0.tgz 9858ms (cache miss)
511 http fetch GET 200 https://registry.npmjs.org/@eslint/config-helpers/-/config-helpers-0.4.2.tgz 9899ms (cache miss)
512 http fetch GET 200 https://registry.npmjs.org/@jridgewell/resolve-uri/-/resolve-uri-3.1.2.tgz 10040ms (cache miss)
513 http fetch GET 200 https://registry.npmjs.org/@babel/helper-validator-option/-/helper-validator-option-7.27.1.tgz 10185ms (cache miss)
514 http fetch GET 200 https://registry.npmjs.org/@babel/traverse/-/traverse-7.28.5.tgz 10276ms (cache miss)
515 http fetch GET 200 https://registry.npmjs.org/@babel/template/-/template-7.27.2.tgz 10292ms (cache miss)
516 http fetch GET 200 https://registry.npmjs.org/@babel/helper-string-parser/-/helper-string-parser-7.27.1.tgz 10363ms (cache miss)
517 http fetch GET 200 https://registry.npmjs.org/@eslint/eslintrc/-/eslintrc-3.3.3.tgz 10766ms (cache miss)
518 http fetch GET 200 https://registry.npmjs.org/@babel/helper-globals/-/helper-globals-7.28.0.tgz 10839ms (cache miss)
519 http fetch GET 200 https://registry.npmjs.org/@babel/helper-module-imports/-/helper-module-imports-7.27.1.tgz 11006ms (cache miss)
520 http fetch GET 200 https://registry.npmjs.org/@babel/helper-validator-identifier/-/helper-validator-identifier-7.28.5.tgz 11033ms (cache miss)
521 http fetch GET 200 https://registry.npmjs.org/@babel/helper-compilation-targets/-/helper-compilation-targets-7.27.2.tgz 11762ms (cache miss)
522 http fetch GET 200 https://registry.npmjs.org/@babel/generator/-/generator-7.28.5.tgz 11846ms (cache miss)
523 http fetch GET 200 https://registry.npmjs.org/@typescript-eslint/eslint-plugin/-/eslint-plugin-8.50.0.tgz 11943ms (cache miss)
524 http fetch GET 200 https://registry.npmjs.org/@babel/compat-data/-/compat-data-7.28.5.tgz 11966ms (cache miss)
525 http fetch GET 200 https://registry.npmjs.org/semver/-/semver-7.8.1.tgz 12021ms (cache miss)
526 http fetch GET 200 https://registry.npmjs.org/@babel/code-frame/-/code-frame-7.27.1.tgz 12039ms (cache miss)
527 http fetch GET 200 https://registry.npmjs.org/@babel/helper-module-transforms/-/helper-module-transforms-7.28.3.tgz 12346ms (cache miss)
528 http fetch GET 200 https://registry.npmjs.org/postcss/-/postcss-8.4.31.tgz 12517ms (cache miss)
529 http fetch GET 200 https://registry.npmjs.org/ignore/-/ignore-7.0.5.tgz 12848ms (cache miss)
530 http fetch GET 200 https://registry.npmjs.org/brace-expansion/-/brace-expansion-2.0.2.tgz 12849ms (cache miss)
531 http fetch GET 200 https://registry.npmjs.org/minimatch/-/minimatch-9.0.5.tgz 12855ms (cache miss)
532 http fetch GET 200 https://registry.npmjs.org/@babel/helpers/-/helpers-7.28.4.tgz 12870ms (cache miss)
533 http fetch GET 200 https://registry.npmjs.org/@babel/parser/-/parser-7.28.5.tgz 12889ms (cache miss)
534 http fetch GET 200 https://registry.npmjs.org/globals/-/globals-14.0.0.tgz 12912ms (cache miss)
535 http fetch GET 200 https://registry.npmjs.org/eslint-visitor-keys/-/eslint-visitor-keys-3.4.3.tgz 12926ms (cache miss)
536 http fetch GET 200 https://registry.npmjs.org/flatted 12430ms (cache miss)
537 silly packumentCache corgi:https://registry.npmjs.org/flatted set size:undefined disposed:false
538 http fetch GET 200 https://registry.npmjs.org/brace-expansion 12440ms (cache miss)
539 silly packumentCache corgi:https://registry.npmjs.org/brace-expansion set size:undefined disposed:false
540 http fetch GET 200 https://registry.npmjs.org/semver/-/semver-7.7.3.tgz 13365ms (cache miss)
541 http fetch GET 200 https://registry.npmjs.org/ajv 12897ms (cache miss)
542 silly packumentCache corgi:https://registry.npmjs.org/ajv set size:undefined disposed:false
543 http fetch GET 200 https://registry.npmjs.org/js-yaml 12911ms (cache miss)
544 silly packumentCache corgi:https://registry.npmjs.org/js-yaml set size:undefined disposed:false
545 http fetch GET 200 https://registry.npmjs.org/@babel/core/-/core-7.28.5.tgz 13561ms (cache miss)
546 http fetch GET 200 https://registry.npmjs.org/caniuse-lite/-/caniuse-lite-1.0.30001761.tgz 14001ms (cache miss)
547 http fetch GET 200 https://registry.npmjs.org/minimatch 13359ms (cache miss)
548 silly packumentCache corgi:https://registry.npmjs.org/minimatch set size:undefined disposed:false
549 http fetch GET 200 https://registry.npmjs.org/picomatch 13385ms (cache miss)
550 silly packumentCache corgi:https://registry.npmjs.org/picomatch set size:undefined disposed:false
551 http fetch GET 200 https://registry.npmjs.org/@types/json-schema/-/json-schema-7.0.15.tgz 14409ms (cache miss)
552 http fetch GET 200 https://registry.npmjs.org/@img/sharp-libvips-darwin-x64/-/sharp-libvips-darwin-x64-1.2.4.tgz 14599ms (cache miss)
553 http fetch GET 200 https://registry.npmjs.org/@babel%2fcore 14346ms (cache miss)
554 silly packumentCache corgi:https://registry.npmjs.org/@babel%2fcore set size:undefined disposed:false
555 http fetch GET 200 https://registry.npmjs.org/postcss 15022ms (cache miss)
556 silly packumentCache corgi:https://registry.npmjs.org/postcss set size:undefined disposed:false
557 silly packumentCache corgi:https://registry.npmjs.org/@babel%2fhelper-module-transforms cache-miss
558 silly packumentCache corgi:https://registry.npmjs.org/eslint-plugin-react-hooks cache-miss
559 http fetch GET 200 https://registry.npmjs.org/@babel/types/-/types-7.28.5.tgz 15682ms (cache miss)
560 http fetch GET 200 https://registry.npmjs.org/@babel%2fhelper-module-transforms 578ms (cache miss)
561 silly packumentCache corgi:https://registry.npmjs.org/@babel%2fhelper-module-transforms set size:undefined disposed:false
562 http fetch GET 200 https://registry.npmjs.org/eslint-plugin-react-hooks 3510ms (cache miss)
563 silly packumentCache corgi:https://registry.npmjs.org/eslint-plugin-react-hooks set size:undefined disposed:false
564 silly packumentCache corgi:https://registry.npmjs.org/@eslint%2fconfig-array cache-miss
565 silly packumentCache corgi:https://registry.npmjs.org/@eslint%2feslintrc cache-miss
566 silly packumentCache corgi:https://registry.npmjs.org/eslint cache-miss
567 http fetch GET 200 https://registry.npmjs.org/@eslint%2fconfig-array 124ms (cache miss)
568 silly packumentCache corgi:https://registry.npmjs.org/@eslint%2fconfig-array set size:undefined disposed:false
569 http fetch GET 200 https://registry.npmjs.org/@eslint%2feslintrc 962ms (cache miss)
570 silly packumentCache corgi:https://registry.npmjs.org/@eslint%2feslintrc set size:undefined disposed:false
571 http fetch GET 200 https://registry.npmjs.org/eslint/-/eslint-9.39.2.tgz 20357ms (cache miss)
572 http fetch GET 200 https://registry.npmjs.org/eslint 1551ms (cache miss)
573 silly packumentCache corgi:https://registry.npmjs.org/eslint set size:undefined disposed:false
574 silly packumentCache corgi:https://registry.npmjs.org/@typescript-eslint%2ftypescript-estree cache-miss
575 http fetch GET 200 https://registry.npmjs.org/react-icons/-/react-icons-5.5.0.tgz 20936ms (cache miss)
576 http fetch GET 200 https://registry.npmjs.org/@typescript-eslint%2ftypescript-estree 11685ms (cache miss)
577 silly packumentCache corgi:https://registry.npmjs.org/@typescript-eslint%2ftypescript-estree set size:undefined disposed:false
578 silly packumentCache corgi:https://registry.npmjs.org/flat-cache cache-miss
579 http fetch GET 200 https://registry.npmjs.org/flat-cache 684ms (cache miss)
580 silly packumentCache corgi:https://registry.npmjs.org/flat-cache set size:undefined disposed:false
581 silly packumentCache corgi:https://registry.npmjs.org/next cache-miss
582 http fetch GET 200 https://registry.npmjs.org/next 2786ms (cache miss)
583 silly packumentCache corgi:https://registry.npmjs.org/next set size:undefined disposed:false
584 silly packumentCache corgi:https://registry.npmjs.org/fdir cache-miss
585 silly packumentCache corgi:https://registry.npmjs.org/tinyglobby cache-miss
586 http fetch GET 200 https://registry.npmjs.org/tinyglobby 362ms (cache miss)
587 silly packumentCache corgi:https://registry.npmjs.org/tinyglobby set size:undefined disposed:false
588 http fetch GET 200 https://registry.npmjs.org/fdir 745ms (cache miss)
589 silly packumentCache corgi:https://registry.npmjs.org/fdir set size:undefined disposed:false
590 http fetch GET 200 https://registry.npmjs.org/@next/swc-darwin-x64/-/swc-darwin-x64-16.2.6.tgz 46457ms (cache miss)
591 http fetch GET 200 https://registry.npmjs.org/next/-/next-16.2.6.tgz 51648ms (cache miss)
592 info run sharp@0.34.5 install node_modules/sharp node install/check.js || npm run build
593 info run sharp@0.34.5 install { code: 0, signal: null }
594 silly ADD node_modules/zod-validation-error
595 silly ADD node_modules/zod
596 silly ADD node_modules/yocto-queue
597 silly ADD node_modules/yallist
598 silly ADD node_modules/word-wrap
599 silly ADD node_modules/which
600 silly ADD node_modules/uri-js
601 silly ADD node_modules/update-browserslist-db
602 silly ADD node_modules/undici-types
603 silly ADD node_modules/typescript-eslint
604 silly ADD node_modules/typescript
605 silly ADD node_modules/type-check
606 silly ADD node_modules/tslib
607 silly ADD node_modules/ts-api-utils
608 silly ADD node_modules/tinyglobby
609 silly ADD node_modules/supports-color
610 silly ADD node_modules/styled-jsx
611 silly ADD node_modules/strip-json-comments
612 silly ADD node_modules/source-map-js
613 silly ADD node_modules/shebang-regex
614 silly ADD node_modules/shebang-command
615 silly ADD node_modules/sharp
616 silly ADD node_modules/sharp/node_modules/semver
617 silly ADD node_modules/semver
618 silly ADD node_modules/scheduler
619 silly ADD node_modules/resolve-from
620 silly ADD node_modules/react-icons
621 silly ADD node_modules/react-dom
622 silly ADD node_modules/react
623 silly ADD node_modules/punycode
624 silly ADD node_modules/prelude-ls
625 silly ADD node_modules/picomatch
626 silly ADD node_modules/picocolors
627 silly ADD node_modules/path-key
628 silly ADD node_modules/path-exists
629 silly ADD node_modules/parent-module
630 silly ADD node_modules/p-locate
631 silly ADD node_modules/p-limit
632 silly ADD node_modules/optionator
633 silly ADD node_modules/node-releases
634 silly ADD node_modules/next
635 silly ADD node_modules/next/node_modules/postcss
636 silly ADD node_modules/natural-compare
637 silly ADD node_modules/nanoid
638 silly ADD node_modules/ms
639 silly ADD node_modules/minimatch
640 silly ADD node_modules/lru-cache
641 silly ADD node_modules/lodash.merge
642 silly ADD node_modules/locate-path
643 silly ADD node_modules/levn
644 silly ADD node_modules/keyv
645 silly ADD node_modules/json5
646 silly ADD node_modules/json-stable-stringify-without-jsonify
647 silly ADD node_modules/json-schema-traverse
648 silly ADD node_modules/json-buffer
649 silly ADD node_modules/jsesc
650 silly ADD node_modules/js-yaml
651 silly ADD node_modules/js-tokens
652 silly ADD node_modules/isexe
653 silly ADD node_modules/is-glob
654 silly ADD node_modules/is-extglob
655 silly ADD node_modules/imurmurhash
656 silly ADD node_modules/import-fresh
657 silly ADD node_modules/ignore
658 silly ADD node_modules/hermes-parser
659 silly ADD node_modules/hermes-estree
660 silly ADD node_modules/has-flag
661 silly ADD node_modules/globals
662 silly ADD node_modules/glob-parent
663 silly ADD node_modules/gensync
664 silly ADD node_modules/flatted
665 silly ADD node_modules/flat-cache
666 silly ADD node_modules/find-up
667 silly ADD node_modules/file-entry-cache
668 silly ADD node_modules/fdir
669 silly ADD node_modules/fast-levenshtein
670 silly ADD node_modules/fast-json-stable-stringify
671 silly ADD node_modules/fast-deep-equal
672 silly ADD node_modules/esutils
673 silly ADD node_modules/estraverse
674 silly ADD node_modules/esrecurse
675 silly ADD node_modules/esquery
676 silly ADD node_modules/espree
677 silly ADD node_modules/eslint-visitor-keys
678 silly ADD node_modules/eslint-scope
679 silly ADD node_modules/eslint-plugin-react-hooks
680 silly ADD node_modules/eslint
681 silly ADD node_modules/escape-string-regexp
682 silly ADD node_modules/escalade
683 silly ADD node_modules/electron-to-chromium
684 silly ADD node_modules/detect-libc
685 silly ADD node_modules/deep-is
686 silly ADD node_modules/debug
687 silly ADD node_modules/csstype
688 silly ADD node_modules/cross-spawn
689 silly ADD node_modules/convert-source-map
690 silly ADD node_modules/concat-map
691 silly ADD node_modules/color-name
692 silly ADD node_modules/color-convert
693 silly ADD node_modules/client-only
694 silly ADD node_modules/chalk
695 silly ADD node_modules/caniuse-lite
696 silly ADD node_modules/callsites
697 silly ADD node_modules/browserslist
698 silly ADD node_modules/brace-expansion
699 silly ADD node_modules/baseline-browser-mapping
700 silly ADD node_modules/balanced-match
701 silly ADD node_modules/argparse
702 silly ADD node_modules/ansi-styles
703 silly ADD node_modules/ajv
704 silly ADD node_modules/acorn-jsx
705 silly ADD node_modules/acorn
706 silly ADD node_modules/@typescript-eslint/visitor-keys
707 silly ADD node_modules/@typescript-eslint/utils
708 silly ADD node_modules/@typescript-eslint/typescript-estree
709 silly ADD node_modules/@typescript-eslint/typescript-estree/node_modules/semver
710 silly ADD node_modules/@typescript-eslint/typescript-estree/node_modules/minimatch
711 silly ADD node_modules/@typescript-eslint/typescript-estree/node_modules/brace-expansion
712 silly ADD node_modules/@typescript-eslint/types
713 silly ADD node_modules/@typescript-eslint/type-utils
714 silly ADD node_modules/@typescript-eslint/tsconfig-utils
715 silly ADD node_modules/@typescript-eslint/scope-manager
716 silly ADD node_modules/@typescript-eslint/project-service
717 silly ADD node_modules/@typescript-eslint/parser
718 silly ADD node_modules/@typescript-eslint/eslint-plugin
719 silly ADD node_modules/@typescript-eslint/eslint-plugin/node_modules/ignore
720 silly ADD node_modules/@types/react-dom
721 silly ADD node_modules/@types/react
722 silly ADD node_modules/@types/node
723 silly ADD node_modules/@types/json-schema
724 silly ADD node_modules/@types/estree
725 silly ADD node_modules/@swc/helpers
726 silly ADD node_modules/@next/swc-darwin-x64
727 silly ADD node_modules/@next/env
728 silly ADD node_modules/@jridgewell/trace-mapping
729 silly ADD node_modules/@jridgewell/sourcemap-codec
730 silly ADD node_modules/@jridgewell/resolve-uri
731 silly ADD node_modules/@jridgewell/remapping
732 silly ADD node_modules/@jridgewell/gen-mapping
733 silly ADD node_modules/@img/sharp-libvips-darwin-x64
734 silly ADD node_modules/@img/sharp-darwin-x64
735 silly ADD node_modules/@img/colour
736 silly ADD node_modules/@humanwhocodes/retry
737 silly ADD node_modules/@humanwhocodes/module-importer
738 silly ADD node_modules/@humanfs/node
739 silly ADD node_modules/@humanfs/core
740 silly ADD node_modules/@eslint/plugin-kit
741 silly ADD node_modules/@eslint/object-schema
742 silly ADD node_modules/@eslint/js
743 silly ADD node_modules/@eslint/eslintrc
744 silly ADD node_modules/@eslint/eslintrc/node_modules/globals
745 silly ADD node_modules/@eslint/core
746 silly ADD node_modules/@eslint/config-helpers
747 silly ADD node_modules/@eslint/config-array
748 silly ADD node_modules/@eslint-community/regexpp
749 silly ADD node_modules/@eslint-community/eslint-utils
750 silly ADD node_modules/@eslint-community/eslint-utils/node_modules/eslint-visitor-keys
751 silly ADD node_modules/@babel/types
752 silly ADD node_modules/@babel/traverse
753 silly ADD node_modules/@babel/template
754 silly ADD node_modules/@babel/parser
755 silly ADD node_modules/@babel/helpers
756 silly ADD node_modules/@babel/helper-validator-option
757 silly ADD node_modules/@babel/helper-validator-identifier
758 silly ADD node_modules/@babel/helper-string-parser
759 silly ADD node_modules/@babel/helper-module-transforms
760 silly ADD node_modules/@babel/helper-module-imports
761 silly ADD node_modules/@babel/helper-globals
762 silly ADD node_modules/@babel/helper-compilation-targets
763 silly ADD node_modules/@babel/generator
764 silly ADD node_modules/@babel/core
765 silly ADD node_modules/@babel/compat-data
766 silly ADD node_modules/@babel/code-frame
767 verbose cwd /Users/themacstore/Desktop/CV/vanhonghorn-portfolio
768 verbose os Darwin 24.6.0
769 verbose node v24.16.0
770 verbose npm  v11.13.0
771 notice
771 notice New minor version of npm available! 11.13.0 -> 11.17.0
771 notice Changelog: https://github.com/npm/cli/releases/tag/v11.17.0
771 notice To update run: npm install -g npm@11.17.0
771 notice  { force: true, Symbol(proc-log.meta): true }
772 verbose exit 0
773 info ok
